Archive member included to satisfy reference by file (symbol)

C:/msys32/home/Peter/progs/hello_world/build/cxx\libcxx.a(cxx_exception_stubs.o)
                              (__cxx_fatal_exception)
C:/msys32/home/Peter/progs/hello_world/build/cxx\libcxx.a(cxx_guards.o)
                              (__cxa_guard_dummy)
C:/msys32/home/Peter/progs/hello_world/build/esp32\libesp32.a(cpu_start.o)
                              (call_start_cpu0)
C:/msys32/home/Peter/progs/hello_world/build/esp32\libesp32.a(dbg_stubs.o)
                              C:/msys32/home/Peter/progs/hello_world/build/esp32\libesp32.a(cpu_start.o) (esp_dbg_stubs_init)
C:/msys32/home/Peter/progs/hello_world/build/esp32\libesp32.a(task_wdt.o)
                              C:/msys32/home/Peter/progs/hello_world/build/esp32\libesp32.a(cpu_start.o) (esp_task_wdt_init)
C:/msys32/home/Peter/progs/hello_world/build/esp32\libesp32.a(panic.o)
                              C:/msys32/home/Peter/progs/hello_world/build/esp32\libesp32.a(task_wdt.o) (esp_reset_reason_set_hint)
C:/msys32/home/Peter/progs/hello_world/build/esp32\libesp32.a(dport_panic_highint_hdl.o)
                              (ld_include_panic_highint_hdl)
C:/msys32/home/Peter/progs/hello_world/build/esp32\libesp32.a(int_wdt.o)
                              C:/msys32/home/Peter/progs/hello_world/build/esp32\libesp32.a(dport_panic_highint_hdl.o) (int_wdt_app_cpu_ticked)
C:/msys32/home/Peter/progs/hello_world/build/esp32\libesp32.a(brownout.o)
                              C:/msys32/home/Peter/progs/hello_world/build/esp32\libesp32.a(cpu_start.o) (esp_brownout_init)
C:/msys32/home/Peter/progs/hello_world/build/esp32\libesp32.a(system_api.o)
                              C:/msys32/home/Peter/progs/hello_world/build/esp32\libesp32.a(panic.o) (esp_restart_noos)
C:/msys32/home/Peter/progs/hello_world/build/esp32\libesp32.a(dport_access.o)
                              C:/msys32/home/Peter/progs/hello_world/build/esp32\libesp32.a(dport_panic_highint_hdl.o) (dport_access_start)
C:/msys32/home/Peter/progs/hello_world/build/esp32\libesp32.a(esp_timer.o)
                              C:/msys32/home/Peter/progs/hello_world/build/esp32\libesp32.a(cpu_start.o) (esp_timer_init)
C:/msys32/home/Peter/progs/hello_world/build/esp32\libesp32.a(esp_err_to_name.o)
                              C:/msys32/home/Peter/progs/hello_world/build/esp32\libesp32.a(panic.o) (esp_err_to_name)
C:/msys32/home/Peter/progs/hello_world/build/esp32\libesp32.a(intr_alloc.o)
                              C:/msys32/home/Peter/progs/hello_world/build/esp32\libesp32.a(task_wdt.o) (esp_intr_alloc)
C:/msys32/home/Peter/progs/hello_world/build/esp32\libesp32.a(ipc.o)
                              C:/msys32/home/Peter/progs/hello_world/build/esp32\libesp32.a(intr_alloc.o) (esp_ipc_call_blocking)
C:/msys32/home/Peter/progs/hello_world/build/esp32\libesp32.a(cache_err_int.o)
                              C:/msys32/home/Peter/progs/hello_world/build/esp32\libesp32.a(cpu_start.o) (esp_cache_err_int_init)
C:/msys32/home/Peter/progs/hello_world/build/esp32\libesp32.a(freertos_hooks.o)
                              C:/msys32/home/Peter/progs/hello_world/build/esp32\libesp32.a(task_wdt.o) (esp_register_freertos_idle_hook_for_cpu)
C:/msys32/home/Peter/progs/hello_world/build/esp32\libesp32.a(clk.o)
                              C:/msys32/home/Peter/progs/hello_world/build/esp32\libesp32.a(cpu_start.o) (esp_clk_init)
C:/msys32/home/Peter/progs/hello_world/build/esp32\libesp32.a(esp_timer_esp32.o)
                              C:/msys32/home/Peter/progs/hello_world/build/esp32\libesp32.a(esp_timer.o) (esp_timer_impl_get_time)
C:/msys32/home/Peter/progs/hello_world/build/esp32\libesp32.a(crosscore_int.o)
                              C:/msys32/home/Peter/progs/hello_world/build/esp32\libesp32.a(cpu_start.o) (esp_crosscore_int_init)
C:/msys32/home/Peter/progs/hello_world/build/esp32\libesp32.a(pm_esp32.o)
                              C:/msys32/home/Peter/progs/hello_world/build/esp32\libesp32.a(freertos_hooks.o) (esp_pm_impl_waiti)
C:/msys32/home/Peter/progs/hello_world/build/esp32\libesp32.a(pm_locks.o)
                              C:/msys32/home/Peter/progs/hello_world/build/esp32\libesp32.a(pm_esp32.o) (esp_pm_lock_create)
C:/msys32/home/Peter/esp/esp-idf/components/esp32/libhal.a(int_asm--set_intclear.o)
                              C:/msys32/home/Peter/progs/hello_world/build/esp32\libesp32.a(intr_alloc.o) (xthal_set_intclear)
C:/msys32/home/Peter/progs/hello_world/build/freertos\libfreertos.a(FreeRTOS-openocd.o)
                              (uxTopUsedPriority)
C:/msys32/home/Peter/progs/hello_world/build/freertos\libfreertos.a(tasks.o)
                              C:/msys32/home/Peter/progs/hello_world/build/esp32\libesp32.a(system_api.o) (vTaskSuspendAll)
C:/msys32/home/Peter/progs/hello_world/build/freertos\libfreertos.a(port.o)
[...]
Memory Configuration

Name             Origin             Length             Attributes
iram0_0_seg      0x40080000         0x00020000         xr
iram0_2_seg      0x400d0018         0x0032ffe8         xr
dram0_0_seg      0x3ffb0000         0x0002c200         rw
drom0_0_seg      0x3f400018         0x003fffe8         r
rtc_iram_seg     0x400c0000         0x00002000         xrw
rtc_data_seg     0x3ff80000         0x00002000         rw
rtc_slow_seg     0x50000000         0x00001000         rw
extern_ram_seg   0x3f800000         0x00400000         xrw
*default*        0x00000000         0xffffffff

Linker script and memory map

START GROUP
LOAD C:/msys32/home/Peter/progs/hello_world/build/app_trace\libapp_trace.a
LOAD C:/msys32/home/Peter/progs/hello_world/build/app_update\libapp_update.a
LOAD C:/msys32/home/Peter/progs/hello_world/build/asio\libasio.a
LOAD C:/msys32/home/Peter/progs/hello_world/build/bootloader_support\libbootloader_support.a
LOAD C:/msys32/home/Peter/progs/hello_world/build/bt\libbt.a
LOAD C:/msys32/home/Peter/progs/hello_world/build/coap\libcoap.a
LOAD C:/msys32/home/Peter/progs/hello_world/build/console\libconsole.a
LOAD C:/msys32/home/Peter/progs/hello_world/build/cxx\libcxx.a
LOAD C:/msys32/home/Peter/progs/hello_world/build/driver\libdriver.a
LOAD C:/msys32/home/Peter/progs/hello_world/build/esp-tls\libesp-tls.a
LOAD C:/msys32/home/Peter/progs/hello_world/build/esp32\libesp32.a
LOAD C:/msys32/home/Peter/esp/esp-idf/components/esp32/libhal.a
LOAD C:/msys32/home/Peter/esp/esp-idf/components/esp32/lib\libcore.a
LOAD C:/msys32/home/Peter/esp/esp-idf/components/esp32/lib\librtc.a
LOAD C:/msys32/home/Peter/esp/esp-idf/components/esp32/lib\libnet80211.a
LOAD C:/msys32/home/Peter/esp/esp-idf/components/esp32/lib\libpp.a
LOAD C:/msys32/home/Peter/esp/esp-idf/components/esp32/lib\libwpa.a
LOAD C:/msys32/home/Peter/esp/esp-idf/components/esp32/lib\libsmartconfig.a
LOAD C:/msys32/home/Peter/esp/esp-idf/components/esp32/lib\libcoexist.a
LOAD C:/msys32/home/Peter/esp/esp-idf/components/esp32/lib\libwps.a
LOAD C:/msys32/home/Peter/esp/esp-idf/components/esp32/lib\libwpa2.a
LOAD C:/msys32/home/Peter/esp/esp-idf/components/esp32/lib\libespnow.a
LOAD C:/msys32/home/Peter/esp/esp-idf/components/esp32/lib\libphy.a
LOAD C:/msys32/home/Peter/esp/esp-idf/components/esp32/lib\libmesh.a
LOAD C:/msys32/home/Peter/progs/hello_world/build/esp_adc_cal\libesp_adc_cal.a
LOAD C:/msys32/home/Peter/progs/hello_world/build/esp_event\libesp_event.a
LOAD C:/msys32/home/Peter/progs/hello_world/build/esp_http_client\libesp_http_client.a
LOAD C:/msys32/home/Peter/progs/hello_world/build/esp_http_server\libesp_http_server.a
LOAD C:/msys32/home/Peter/progs/hello_world/build/esp_https_ota\libesp_https_ota.a
LOAD C:/msys32/home/Peter/progs/hello_world/build/esp_ringbuf\libesp_ringbuf.a
LOAD C:/msys32/home/Peter/progs/hello_world/build/ethernet\libethernet.a
LOAD C:/msys32/home/Peter/progs/hello_world/build/expat\libexpat.a
LOAD C:/msys32/home/Peter/progs/hello_world/build/fatfs\libfatfs.a
LOAD C:/msys32/home/Peter/progs/hello_world/build/freemodbus\libfreemodbus.a
LOAD C:/msys32/home/Peter/progs/hello_world/build/freertos\libfreertos.a
LOAD C:/msys32/home/Peter/progs/hello_world/build/heap\libheap.a
LOAD C:/msys32/home/Peter/progs/hello_world/build/idf_test\libidf_test.a
LOAD C:/msys32/home/Peter/progs/hello_world/build/jsmn\libjsmn.a
LOAD C:/msys32/home/Peter/progs/hello_world/build/json\libjson.a
LOAD C:/msys32/home/Peter/progs/hello_world/build/libsodium\liblibsodium.a
LOAD C:/msys32/home/Peter/progs/hello_world/build/log\liblog.a
LOAD C:/msys32/home/Peter/progs/hello_world/build/lwip\liblwip.a
LOAD C:/msys32/home/Peter/progs/hello_world/build/main\libmain.a
LOAD C:/msys32/home/Peter/progs/hello_world/build/mbedtls\libmbedtls.a
LOAD C:/msys32/home/Peter/progs/hello_world/build/mdns\libmdns.a
LOAD C:/msys32/home/Peter/progs/hello_world/build/micro-ecc\libmicro-ecc.a
LOAD C:/msys32/home/Peter/progs/hello_world/build/mqtt\libmqtt.a
LOAD C:/msys32/home/Peter/esp/esp-idf/components/newlib/lib/libc.a
LOAD C:/msys32/home/Peter/esp/esp-idf/components/newlib/lib/libm.a
LOAD C:/msys32/home/Peter/progs/hello_world/build/newlib\libnewlib.a
LOAD C:/msys32/home/Peter/progs/hello_world/build/nghttp\libnghttp.a
LOAD C:/msys32/home/Peter/progs/hello_world/build/nvs_flash\libnvs_flash.a
LOAD C:/msys32/home/Peter/progs/hello_world/build/openssl\libopenssl.a
LOAD C:/msys32/home/Peter/progs/hello_world/build/protobuf-c\libprotobuf-c.a
LOAD C:/msys32/home/Peter/progs/hello_world/build/protocomm\libprotocomm.a
LOAD C:/msys32/home/Peter/progs/hello_world/build/pthread\libpthread.a
LOAD C:/msys32/home/Peter/progs/hello_world/build/sdmmc\libsdmmc.a
LOAD C:/msys32/home/Peter/progs/hello_world/build/smartconfig_ack\libsmartconfig_ack.a
LOAD C:/msys32/home/Peter/progs/hello_world/build/soc\libsoc.a
LOAD C:/msys32/home/Peter/progs/hello_world/build/spi_flash\libspi_flash.a
LOAD C:/msys32/home/Peter/progs/hello_world/build/spiffs\libspiffs.a
LOAD C:/msys32/home/Peter/progs/hello_world/build/tcp_transport\libtcp_transport.a
LOAD C:/msys32/home/Peter/progs/hello_world/build/tcpip_adapter\libtcpip_adapter.a
LOAD C:/msys32/home/Peter/progs/hello_world/build/ulp\libulp.a
LOAD C:/msys32/home/Peter/progs/hello_world/build/vfs\libvfs.a
LOAD C:/msys32/home/Peter/progs/hello_world/build/wear_levelling\libwear_levelling.a
LOAD C:/msys32/home/Peter/progs/hello_world/build/wifi_provisioning\libwifi_provisioning.a
LOAD C:/msys32/home/Peter/progs/hello_world/build/wpa_supplicant\libwpa_supplicant.a
LOAD C:/msys32/home/Peter/progs/hello_world/build/xtensa-debug-module\libxtensa-debug-module.a
LOAD c:/msys32/opt/xtensa-esp32-elf/bin/../lib/gcc/xtensa-esp32-elf/5.2.0\libgcc.a
LOAD c:/msys32/opt/xtensa-esp32-elf/bin/../lib/gcc/xtensa-esp32-elf/5.2.0/../../../../xtensa-esp32-elf/lib\libstdc++.a
LOAD c:/msys32/opt/xtensa-esp32-elf/bin/../lib/gcc/xtensa-esp32-elf/5.2.0\libgcov.a
END GROUP
                0x40000000                _heap_end = 0x40000000
                0x3ff80000                _data_seg_org = ORIGIN (rtc_data_seg)

.rtc.text       0x400c0000        0x0
                0x400c0000                . = ALIGN (0x4)
 *(.rtc.literal .rtc.text)
 *rtc_wake_stub*.*(.literal .text .literal.* .text.*)
                0x400c0000                _rtc_text_end = ABSOLUTE (.)

.rtc.dummy      0x3ff80000        0x0
                0x3ff80000                _rtc_dummy_start = ABSOLUTE (.)
                0x3ff80000                _rtc_fast_start = ABSOLUTE (.)
                0x00000000                . = SIZEOF (.rtc.text)
                0x00000000                _rtc_dummy_end = ABSOLUTE (.)

.rtc.force_fast
                0x3ff80000        0x0
                0x3ff80000                . = ALIGN (0x4)
                0x3ff80000                _rtc_force_fast_start = ABSOLUTE (.)
 *(.rtc.force_fast .rtc.force_fast.*)
                0x3ff80000                . = ALIGN (0x4)
                0x3ff80000                _rtc_force_fast_end = ABSOLUTE (.)

.rtc.data       0x50000000        0x0
                0x50000000                _rtc_data_start = ABSOLUTE (.)
 *(.rtc.data)
 *(.rtc.rodata)
 *rtc_wake_stub*.*(.data .rodata .data.* .rodata.* .bss .bss.*)
                0x50000000                _rtc_data_end = ABSOLUTE (.)

.rtc.bss        0x50000000        0x0
                0x50000000                _rtc_bss_start = ABSOLUTE (.)
 *rtc_wake_stub*.*(.bss .bss.*)
 *rtc_wake_stub*.*(COMMON)
 *(.rtc.bss)
                0x50000000                _rtc_bss_end = ABSOLUTE (.)

.rtc_noinit     0x50000000        0x0
                0x50000000                . = ALIGN (0x4)
                0x50000000                _rtc_noinit_start = ABSOLUTE (.)
 *(.rtc_noinit .rtc_noinit.*)
                0x50000000                . = ALIGN (0x4)
                0x50000000                _rtc_noinit_end = ABSOLUTE (.)

.rtc.force_slow
                0x50000000        0x0
                0x50000000                . = ALIGN (0x4)
                0x50000000                _rtc_force_slow_start = ABSOLUTE (.)
 *(.rtc.force_slow .rtc.force_slow.*)
                0x50000000                . = ALIGN (0x4)
                0x50000000                _rtc_force_slow_end = ABSOLUTE (.)
                0x00000000                _rtc_slow_length = (ORIGIN (rtc_slow_seg) == ORIGIN (rtc_data_location))?(_rtc_force_slow_end - _rtc_data_start):(_rtc_force_slow_end - _rtc_force_slow_start)
                0x00000000                _rtc_fast_length = (ORIGIN (rtc_slow_seg) == ORIGIN (rtc_data_location))?(_rtc_force_fast_end - _rtc_fast_start):(_rtc_noinit_end - _rtc_fast_start)
                0x00000001                ASSERT ((_rtc_slow_length <= 0x1000), RTC_SLOW segment data does not fit.)
                0x00000001                ASSERT ((_rtc_fast_length <= 0x2000), RTC_FAST segment data does not fit.)

.iram0.vectors  0x40080000      0x400
                0x40080000                _iram_start = ABSOLUTE (.)
                0x40080000                _init_start = ABSOLUTE (.)
                0x00000000                . = 0x0
 *(.WindowVectors.text)
 .WindowVectors.text
                0x40080000      0x16a C:/msys32/home/Peter/progs/hello_world/build/freertos\libfreertos.a(xtensa_vectors.o)
                0x40080000                _WindowOverflow4
                0x40080040                _WindowUnderflow4
                0x40080050                _xt_alloca_exc
                0x40080080                _WindowOverflow8
                0x400800c0                _WindowUnderflow8
                0x40080100                _WindowOverflow12
                0x40080140                _WindowUnderflow12
                0x00000180                . = 0x180
 *fill*         0x4008016a       0x16 
 *(.Level2InterruptVector.text)
 .Level2InterruptVector.text
                0x40080180        0x6 C:/msys32/home/Peter/progs/hello_world/build/freertos\libfreertos.a(xtensa_vectors.o)
                0x40080180                _Level2Vector
                0x000001c0                . = 0x1c0
 *fill*         0x40080186       0x3a 
 *(.Level3InterruptVector.text)
 .Level3InterruptVector.text
                0x400801c0        0x6 C:/msys32/home/Peter/progs/hello_world/build/freertos\libfreertos.a(xtensa_vectors.o)
                0x400801c0                _Level3Vector
                0x00000200                . = 0x200
 *fill*         0x400801c6       0x3a 
 *(.Level4InterruptVector.text)
 .Level4InterruptVector.text
                0x40080200        0x6 C:/msys32/home/Peter/progs/hello_world/build/freertos\libfreertos.a(xtensa_vectors.o)
                0x40080200                _Level4Vector
                0x00000240                . = 0x240
 *fill*         0x40080206       0x3a 
 *(.Level5InterruptVector.text)
 .Level5InterruptVector.text
                0x40080240        0x6 C:/msys32/home/Peter/progs/hello_world/build/freertos\libfreertos.a(xtensa_vectors.o)
                0x40080240                _Level5Vector
                0x00000280                . = 0x280
 *fill*         0x40080246       0x3a 
 *(.DebugExceptionVector.text)
 .DebugExceptionVector.text
                0x40080280        0x6 C:/msys32/home/Peter/progs/hello_world/build/freertos\libfreertos.a(xtensa_vectors.o)
                0x40080280                _DebugExceptionVector
                0x000002c0                . = 0x2c0
 *fill*         0x40080286       0x3a 
 *(.NMIExceptionVector.text)
 .NMIExceptionVector.text
                0x400802c0        0x6 C:/msys32/home/Peter/progs/hello_world/build/freertos\libfreertos.a(xtensa_vectors.o)
                0x400802c0                _NMIExceptionVector
                0x00000300                . = 0x300
 *fill*         0x400802c6       0x3a 
 *(.KernelExceptionVector.text)
 .KernelExceptionVector.text
                0x40080300        0x6 C:/msys32/home/Peter/progs/hello_world/build/freertos\libfreertos.a(xtensa_vectors.o)
                0x40080300                _KernelExceptionVector
                0x00000340                . = 0x340
 *fill*         0x40080306       0x3a 
 *(.UserExceptionVector.text)
 .UserExceptionVector.text
                0x40080340        0x6 C:/msys32/home/Peter/progs/hello_world/build/freertos\libfreertos.a(xtensa_vectors.o)
                0x40080340                _UserExceptionVector
                0x000003c0                . = 0x3c0
 *fill*         0x40080346       0x7a 
 *(.DoubleExceptionVector.text)
 .DoubleExceptionVector.text
                0x400803c0        0xf C:/msys32/home/Peter/progs/hello_world/build/freertos\libfreertos.a(xtensa_vectors.o)
                0x400803c0                _DoubleExceptionVector
                0x00000400                . = 0x400
 *fill*         0x400803cf       0x31 
 *(.*Vector.literal)
 *(.UserEnter.literal)
 *(.UserEnter.text)
                0x40080400                . = ALIGN (0x10)
 *(.entry.text)
 *(.init.literal)
 *(.init)
                0x40080400                _init_end = ABSOLUTE (.)

.iram0.text     0x40080400     0x9d9c
                0x40080400                _iram_text_start = ABSOLUTE (.)
 *(.iram1 .iram1.*)
 .iram1.literal
                0x40080400       0xb4 C:/msys32/home/Peter/progs/hello_world/build/esp32\libesp32.a(cpu_start.o)
                                0x1e0 (size before relaxing)
 .iram1.literal
                0x400804b4       0x24 C:/msys32/home/Peter/progs/hello_world/build/esp32\libesp32.a(dport_panic_highint_hdl.o)
                                 0x28 (size before relaxing)
 .iram1.literal
                0x400804d8        0x8 C:/msys32/home/Peter/progs/hello_world/build/esp32\libesp32.a(int_wdt.o)
                                  0xc (size before relaxing)
 .iram1.literal
                0x400804e0       0x48 C:/msys32/home/Peter/progs/hello_world/build/esp32\libesp32.a(system_api.o)
                                 0xb8 (size before relaxing)
 .iram1.literal
                0x40080528       0x28 C:/msys32/home/Peter/progs/hello_world/build/esp32\libesp32.a(dport_access.o)
                                 0x88 (size before relaxing)
 .iram1.literal
                0x40080550       0x24 C:/msys32/home/Peter/progs/hello_world/build/esp32\libesp32.a(esp_timer.o)
                                 0x60 (size before relaxing)
 .iram1.literal
                0x40080574       0x20 C:/msys32/home/Peter/progs/hello_world/build/esp32\libesp32.a(intr_alloc.o)
                                 0x7c (size before relaxing)
 .iram1.literal
                0x40080594       0x20 C:/msys32/home/Peter/progs/hello_world/build/esp32\libesp32.a(ipc.o)
                                 0x34 (size before relaxing)
 .iram1.literal
                0x400805b4        0xc C:/msys32/home/Peter/progs/hello_world/build/esp32\libesp32.a(cache_err_int.o)
                                 0x18 (size before relaxing)
 .iram1.literal
                0x400805c0        0x4 C:/msys32/home/Peter/progs/hello_world/build/esp32\libesp32.a(freertos_hooks.o)
 .iram1.literal
                0x400805c4        0xc C:/msys32/home/Peter/progs/hello_world/build/esp32\libesp32.a(clk.o)
                                 0x20 (size before relaxing)
 .iram1.literal
                0x400805d0       0x60 C:/msys32/home/Peter/progs/hello_world/build/esp32\libesp32.a(esp_timer_esp32.o)
                                 0xf8 (size before relaxing)
 .iram1.literal
                0x40080630       0x1c C:/msys32/home/Peter/progs/hello_world/build/esp32\libesp32.a(crosscore_int.o)
                                 0x40 (size before relaxing)
 .iram1.literal
                0x4008064c        0x4 C:/msys32/home/Peter/progs/hello_world/build/freertos\libfreertos.a(port.o)
 .iram1.literal
                0x40080650       0x44 C:/msys32/home/Peter/progs/hello_world/build/freertos\libfreertos.a(xtensa_vectors.o)
                                 0x68 (size before relaxing)
 .iram1.literal
                0x40080694       0x58 C:/msys32/home/Peter/progs/hello_world/build/heap\libheap.a(heap_caps.o)
                                 0xbc (size before relaxing)
 .iram1.literal
                0x400806ec       0x24 C:/msys32/home/Peter/progs/hello_world/build/log\liblog.a(log.o)
                                 0x48 (size before relaxing)
 .iram1.literal
                0x40080710       0x14 C:/msys32/home/Peter/progs/hello_world/build/newlib\libnewlib.a(locks.o)
                                 0x90 (size before relaxing)
 .iram1.literal
                0x40080724        0x4 C:/msys32/home/Peter/progs/hello_world/build/newlib\libnewlib.a(syscalls.o)
                                 0x14 (size before relaxing)
 .iram1.literal
                0x40080728        0x8 C:/msys32/home/Peter/progs/hello_world/build/newlib\libnewlib.a(reent_init.o)
                                 0x10 (size before relaxing)
 .iram1.literal
                0x40080730        0x4 C:/msys32/home/Peter/progs/hello_world/build/newlib\libnewlib.a(time.o)
                                 0x1c (size before relaxing)
 .iram1.literal
                0x40080734       0x1c C:/msys32/home/Peter/progs/hello_world/build/soc\libsoc.a(cpu_util.o)
                                 0x30 (size before relaxing)
 .iram1.literal
                0x40080750       0x38 C:/msys32/home/Peter/progs/hello_world/build/spi_flash\libspi_flash.a(flash_ops.o)
                                 0xd8 (size before relaxing)
 .iram1.literal
                0x40080788       0x50 C:/msys32/home/Peter/progs/hello_world/build/spi_flash\libspi_flash.a(cache_utils.o)
                                0x120 (size before relaxing)
 .iram1.literal
                0x400807d8       0x50 C:/msys32/home/Peter/progs/hello_world/build/spi_flash\libspi_flash.a(flash_mmap.o)
                                0x170 (size before relaxing)
 .literal.prvReturnItemByteBuf
                0x40080828        0xc C:/msys32/home/Peter/progs/hello_world/build/esp_ringbuf\libesp_ringbuf.a(ringbuf.o)
                                 0x1c (size before relaxing)
 .literal.prvGetItemByteBuf
                0x40080834        0x4 C:/msys32/home/Peter/progs/hello_world/build/esp_ringbuf\libesp_ringbuf.a(ringbuf.o)
                                 0x24 (size before relaxing)
 .literal.prvCheckItemFitsByteBuffer
                0x40080838        0x4 C:/msys32/home/Peter/progs/hello_world/build/esp_ringbuf\libesp_ringbuf.a(ringbuf.o)
                                 0x14 (size before relaxing)
 .literal.prvReturnItemDefault
                0x4008083c        0x4 C:/msys32/home/Peter/progs/hello_world/build/esp_ringbuf\libesp_ringbuf.a(ringbuf.o)
                                 0x44 (size before relaxing)
 .literal.prvGetItemDefault
                0x40080840        0x4 C:/msys32/home/Peter/progs/hello_world/build/esp_ringbuf\libesp_ringbuf.a(ringbuf.o)
                                 0x4c (size before relaxing)
 .literal.prvCheckItemFitsDefault
                0x40080844        0x4 C:/msys32/home/Peter/progs/hello_world/build/esp_ringbuf\libesp_ringbuf.a(ringbuf.o)
                                 0x1c (size before relaxing)
 .literal.prvGetFreeSize
                0x40080848        0x4 C:/msys32/home/Peter/progs/hello_world/build/esp_ringbuf\libesp_ringbuf.a(ringbuf.o)
                                 0x14 (size before relaxing)
 .literal.prvCopyItemByteBuf
                0x4008084c        0x4 C:/msys32/home/Peter/progs/hello_world/build/esp_ringbuf\libesp_ringbuf.a(ringbuf.o)
                                 0x1c (size before relaxing)
 .literal.prvCopyItemAllowSplit
                0x40080850        0x4 C:/msys32/home/Peter/progs/hello_world/build/esp_ringbuf\libesp_ringbuf.a(ringbuf.o)
                                 0x2c (size before relaxing)
 .literal.prvCopyItemNoSplit
                0x40080854        0x4 C:/msys32/home/Peter/progs/hello_world/build/esp_ringbuf\libesp_ringbuf.a(ringbuf.o)
                                 0x28 (size before relaxing)
 .literal.prvReceiveGeneric
                0x40080858        0x4 C:/msys32/home/Peter/progs/hello_world/build/esp_ringbuf\libesp_ringbuf.a(ringbuf.o)
                                 0x3c (size before relaxing)
 .literal.prvReceiveGenericFromISR
                0x4008085c        0x4 C:/msys32/home/Peter/progs/hello_world/build/esp_ringbuf\libesp_ringbuf.a(ringbuf.o)
                                 0x2c (size before relaxing)
 .literal.xRingbufferCreate
                0x40080860       0x38 C:/msys32/home/Peter/progs/hello_world/build/esp_ringbuf\libesp_ringbuf.a(ringbuf.o)
                                 0x6c (size before relaxing)
 .literal.xRingbufferSend
                0x40080898        0x4 C:/msys32/home/Peter/progs/hello_world/build/esp_ringbuf\libesp_ringbuf.a(ringbuf.o)
                                 0x40 (size before relaxing)
 .literal.xRingbufferSendFromISR
                0x4008089c        0x4 C:/msys32/home/Peter/progs/hello_world/build/esp_ringbuf\libesp_ringbuf.a(ringbuf.o)
                                 0x30 (size before relaxing)
 .literal.xRingbufferReceive
                0x400808a0        0x4 C:/msys32/home/Peter/progs/hello_world/build/esp_ringbuf\libesp_ringbuf.a(ringbuf.o)
                                 0x18 (size before relaxing)
 .literal.xRingbufferReceiveFromISR
                0x400808a4        0x4 C:/msys32/home/Peter/progs/hello_world/build/esp_ringbuf\libesp_ringbuf.a(ringbuf.o)
                                 0x18 (size before relaxing)
 .literal.vRingbufferReturnItem
                0x400808a8        0x4 C:/msys32/home/Peter/progs/hello_world/build/esp_ringbuf\libesp_ringbuf.a(ringbuf.o)
                                 0x28 (size before relaxing)
 .literal.vRingbufferReturnItemFromISR
                0x400808ac        0x4 C:/msys32/home/Peter/progs/hello_world/build/esp_ringbuf\libesp_ringbuf.a(ringbuf.o)
                                 0x28 (size before relaxing)
 .literal.vRingbufferDelete
                0x400808b0        0x4 C:/msys32/home/Peter/progs/hello_world/build/esp_ringbuf\libesp_ringbuf.a(ringbuf.o)
                                 0x24 (size before relaxing)
 .literal.xRingbufferGetMaxItemSize
                0x400808b4        0x4 C:/msys32/home/Peter/progs/hello_world/build/esp_ringbuf\libesp_ringbuf.a(ringbuf.o)
                                 0x14 (size before relaxing)
 .literal.prvResetNextTaskUnblockTime
                0x400808b8        0x8 C:/msys32/home/Peter/progs/hello_world/build/freertos\libfreertos.a(tasks.o)
 .literal.prvDeleteTLS
                0x400808c0       0x10 C:/msys32/home/Peter/progs/hello_world/build/freertos\libfreertos.a(tasks.o)
                                 0x18 (size before relaxing)
 .literal.prvInitialiseNewTask
                0x400808d0        0x0 C:/msys32/home/Peter/progs/hello_world/build/freertos\libfreertos.a(tasks.o)
                                 0x18 (size before relaxing)
 .literal.prvInitialiseTaskLists
                0x400808d0       0x20 C:/msys32/home/Peter/progs/hello_world/build/freertos\libfreertos.a(tasks.o)
                                 0x40 (size before relaxing)
 .literal.prvDeleteTCB
                0x400808f0        0x8 C:/msys32/home/Peter/progs/hello_world/build/freertos\libfreertos.a(tasks.o)
                                 0x2c (size before relaxing)
 .literal.prvAddCurrentTaskToDelayedList
                0x400808f8        0x4 C:/msys32/home/Peter/progs/hello_world/build/freertos\libfreertos.a(tasks.o)
                                 0x1c (size before relaxing)
 .literal.taskYIELD_OTHER_CORE
                0x400808fc        0x0 C:/msys32/home/Peter/progs/hello_world/build/freertos\libfreertos.a(tasks.o)
                                 0x10 (size before relaxing)
 .literal.vTaskSuspendAll
                0x400808fc        0x4 C:/msys32/home/Peter/progs/hello_world/build/freertos\libfreertos.a(tasks.o)
                                  0x8 (size before relaxing)
 .literal.xTaskGetTickCount
                0x40080900        0x0 C:/msys32/home/Peter/progs/hello_world/build/freertos\libfreertos.a(tasks.o)
                                  0x4 (size before relaxing)
 .literal.xTaskGetIdleTaskHandleForCPU
                0x40080900        0xc C:/msys32/home/Peter/progs/hello_world/build/freertos\libfreertos.a(tasks.o)
                                 0x1c (size before relaxing)
 .literal.vTaskSwitchContext
                0x4008090c       0x18 C:/msys32/home/Peter/progs/hello_world/build/freertos\libfreertos.a(tasks.o)
                                 0x3c (size before relaxing)
 .literal.vTaskSetTimeOutState
                0x40080924        0xc C:/msys32/home/Peter/progs/hello_world/build/freertos\libfreertos.a(tasks.o)
                                 0x20 (size before relaxing)
 .literal.xTaskGetCurrentTaskHandle
                0x40080930        0x0 C:/msys32/home/Peter/progs/hello_world/build/freertos\libfreertos.a(tasks.o)
                                  0x8 (size before relaxing)
 .literal.__getreent
                0x40080930        0x0 C:/msys32/home/Peter/progs/hello_world/build/freertos\libfreertos.a(tasks.o)
                                  0x8 (size before relaxing)
 .literal.pcTaskGetTaskName
                0x40080930        0x8 C:/msys32/home/Peter/progs/hello_world/build/freertos\libfreertos.a(tasks.o)
                                 0x1c (size before relaxing)
 .literal.xTaskGetAffinity
                0x40080938        0x0 C:/msys32/home/Peter/progs/hello_world/build/freertos\libfreertos.a(tasks.o)
                                  0x4 (size before relaxing)
 .literal.xTaskGetCurrentTaskHandleForCPU
                0x40080938        0x0 C:/msys32/home/Peter/progs/hello_world/build/freertos\libfreertos.a(tasks.o)
                                  0x4 (size before relaxing)
 .literal.xTaskGetSchedulerState
                0x40080938        0x4 C:/msys32/home/Peter/progs/hello_world/build/freertos\libfreertos.a(tasks.o)
                                  0xc (size before relaxing)
 .literal.vTaskEnterCritical
                0x4008093c       0x20 C:/msys32/home/Peter/progs/hello_world/build/freertos\libfreertos.a(tasks.o)
                                 0x34 (size before relaxing)
 .literal.vTaskExitCritical
                0x4008095c        0xc C:/msys32/home/Peter/progs/hello_world/build/freertos\libfreertos.a(tasks.o)
                                 0x28 (size before relaxing)
 .literal.prvAddNewTaskToReadyList
                0x40080968       0x10 C:/msys32/home/Peter/progs/hello_world/build/freertos\libfreertos.a(tasks.o)
                                 0x58 (size before relaxing)
 .literal.xTaskCreatePinnedToCore
                0x40080978        0x0 C:/msys32/home/Peter/progs/hello_world/build/freertos\libfreertos.a(tasks.o)
                                 0x18 (size before relaxing)
 .literal.vTaskStartScheduler
                0x40080978       0x10 C:/msys32/home/Peter/progs/hello_world/build/freertos\libfreertos.a(tasks.o)
                                 0x3c (size before relaxing)
 .literal.vTaskDelete
                0x40080988        0x8 C:/msys32/home/Peter/progs/hello_world/build/freertos\libfreertos.a(tasks.o)
                                 0x60 (size before relaxing)
 .literal.vTaskDelay
                0x40080990        0x4 C:/msys32/home/Peter/progs/hello_world/build/freertos\libfreertos.a(tasks.o)
                                 0x38 (size before relaxing)
 .literal.uxTaskPriorityGet
                0x40080994        0x0 C:/msys32/home/Peter/progs/hello_world/build/freertos\libfreertos.a(tasks.o)
                                 0x10 (size before relaxing)
 .literal.vTaskPrioritySet
                0x40080994        0x4 C:/msys32/home/Peter/progs/hello_world/build/freertos\libfreertos.a(tasks.o)
                                 0x44 (size before relaxing)
 .literal.prvCheckTasksWaitingTermination
                0x40080998        0x8 C:/msys32/home/Peter/progs/hello_world/build/freertos\libfreertos.a(tasks.o)
                                 0x30 (size before relaxing)
 .literal.prvIdleTask
                0x400809a0        0x0 C:/msys32/home/Peter/progs/hello_world/build/freertos\libfreertos.a(tasks.o)
                                  0x8 (size before relaxing)
 .literal.xTaskIncrementTick
                0x400809a0        0xc C:/msys32/home/Peter/progs/hello_world/build/freertos\libfreertos.a(tasks.o)
                                 0x68 (size before relaxing)
 .literal.xTaskResumeAll
                0x400809ac        0x8 C:/msys32/home/Peter/progs/hello_world/build/freertos\libfreertos.a(tasks.o)
                                 0x5c (size before relaxing)
 .literal.vTaskPlaceOnEventList
                0x400809b4        0x8 C:/msys32/home/Peter/progs/hello_world/build/freertos\libfreertos.a(tasks.o)
                                 0x40 (size before relaxing)
 .literal.vTaskPlaceOnEventListRestricted
                0x400809bc        0x8 C:/msys32/home/Peter/progs/hello_world/build/freertos\libfreertos.a(tasks.o)
                                 0x38 (size before relaxing)
 .literal.xTaskRemoveFromEventList
                0x400809c4        0x8 C:/msys32/home/Peter/progs/hello_world/build/freertos\libfreertos.a(tasks.o)
                                 0x58 (size before relaxing)
 .literal.xTaskCheckForTimeOut
                0x400809cc        0xc C:/msys32/home/Peter/progs/hello_world/build/freertos\libfreertos.a(tasks.o)
                                 0x3c (size before relaxing)
 .literal.vTaskPriorityInherit
                0x400809d8        0x0 C:/msys32/home/Peter/progs/hello_world/build/freertos\libfreertos.a(tasks.o)
                                 0x28 (size before relaxing)
 .literal.xTaskPriorityDisinherit
                0x400809d8        0x8 C:/msys32/home/Peter/progs/hello_world/build/freertos\libfreertos.a(tasks.o)
                                 0x3c (size before relaxing)
 .literal.pvTaskIncrementMutexHeldCount
                0x400809e0        0x0 C:/msys32/home/Peter/progs/hello_world/build/freertos\libfreertos.a(tasks.o)
                                 0x10 (size before relaxing)
 .literal.vPortTaskWrapper
                0x400809e0        0x8 C:/msys32/home/Peter/progs/hello_world/build/freertos\libfreertos.a(port.o)
                                 0x18 (size before relaxing)
 .literal.pxPortInitialiseStack
                0x400809e8       0x14 C:/msys32/home/Peter/progs/hello_world/build/freertos\libfreertos.a(port.o)
                                 0x1c (size before relaxing)
 .literal.xPortStartScheduler
                0x400809fc        0x0 C:/msys32/home/Peter/progs/hello_world/build/freertos\libfreertos.a(port.o)
                                 0x14 (size before relaxing)
 .literal.xPortSysTickHandler
                0x400809fc        0x0 C:/msys32/home/Peter/progs/hello_world/build/freertos\libfreertos.a(port.o)
                                  0x8 (size before relaxing)
 .literal.vPortYieldOtherCore
                0x400809fc        0x0 C:/msys32/home/Peter/progs/hello_world/build/freertos\libfreertos.a(port.o)
                                  0x4 (size before relaxing)
 .literal.vPortReleaseTaskMPUSettings
                0x400809fc        0x0 C:/msys32/home/Peter/progs/hello_world/build/freertos\libfreertos.a(port.o)
                                  0x4 (size before relaxing)
 .literal.xPortInIsrContext
                0x400809fc        0x0 C:/msys32/home/Peter/progs/hello_world/build/freertos\libfreertos.a(port.o)
                                  0x8 (size before relaxing)
 .literal.vPortCPUInitializeMutex
                0x400809fc        0x0 C:/msys32/home/Peter/progs/hello_world/build/freertos\libfreertos.a(port.o)
                                  0x4 (size before relaxing)
 .literal.vPortCPUAcquireMutex
                0x400809fc       0x14 C:/msys32/home/Peter/progs/hello_world/build/freertos\libfreertos.a(port.o)
                                 0x30 (size before relaxing)
 .literal.vPortCPUReleaseMutex
                0x40080a10        0xc C:/msys32/home/Peter/progs/hello_world/build/freertos\libfreertos.a(port.o)
                                 0x20 (size before relaxing)
 .literal._xt_tick_divisor_init
                0x40080a1c        0x8 C:/msys32/home/Peter/progs/hello_world/build/freertos\libfreertos.a(xtensa_init.o)
                                  0xc (size before relaxing)
 .literal.prvIsQueueFull
                0x40080a24        0x0 C:/msys32/home/Peter/progs/hello_world/build/freertos\libfreertos.a(queue.o)
                                  0x8 (size before relaxing)
 .literal.prvCopyDataToQueue
                0x40080a24        0x0 C:/msys32/home/Peter/progs/hello_world/build/freertos\libfreertos.a(queue.o)
                                  0xc (size before relaxing)
 .literal.prvNotifyQueueSetContainer
                0x40080a24       0x14 C:/msys32/home/Peter/progs/hello_world/build/freertos\libfreertos.a(queue.o)
                                 0x34 (size before relaxing)
 .literal.prvCopyDataFromQueue
                0x40080a38        0x0 C:/msys32/home/Peter/progs/hello_world/build/freertos\libfreertos.a(queue.o)
                                  0x4 (size before relaxing)
 .literal.xQueueGenericReset
                0x40080a38        0x4 C:/msys32/home/Peter/progs/hello_world/build/freertos\libfreertos.a(queue.o)
                                 0x30 (size before relaxing)
 .literal.prvInitialiseNewQueue
                0x40080a3c        0x0 C:/msys32/home/Peter/progs/hello_world/build/freertos\libfreertos.a(queue.o)
                                  0x4 (size before relaxing)
 .literal.xQueueGenericCreate
                0x40080a3c        0x4 C:/msys32/home/Peter/progs/hello_world/build/freertos\libfreertos.a(queue.o)
                                 0x1c (size before relaxing)
 .literal.xQueueGetMutexHolder
                0x40080a40        0x0 C:/msys32/home/Peter/progs/hello_world/build/freertos\libfreertos.a(queue.o)
                                  0x8 (size before relaxing)
 .literal.xQueueCreateCountingSemaphore
                0x40080a40        0x4 C:/msys32/home/Peter/progs/hello_world/build/freertos\libfreertos.a(queue.o)
                                 0x28 (size before relaxing)
 .literal.xQueueGenericSend
                0x40080a44        0x4 C:/msys32/home/Peter/progs/hello_world/build/freertos\libfreertos.a(queue.o)
                                 0x7c (size before relaxing)
 .literal.prvInitialiseMutex
                0x40080a48        0x0 C:/msys32/home/Peter/progs/hello_world/build/freertos\libfreertos.a(queue.o)
                                  0x8 (size before relaxing)
 .literal.xQueueCreateMutex
                0x40080a48        0x0 C:/msys32/home/Peter/progs/hello_world/build/freertos\libfreertos.a(queue.o)
                                  0x8 (size before relaxing)
 .literal.xQueueGiveMutexRecursive
                0x40080a48        0x4 C:/msys32/home/Peter/progs/hello_world/build/freertos\libfreertos.a(queue.o)
                                 0x1c (size before relaxing)
 .literal.xQueueGenericSendFromISR
                0x40080a4c        0x4 C:/msys32/home/Peter/progs/hello_world/build/freertos\libfreertos.a(queue.o)
                                 0x3c (size before relaxing)
 .literal.xQueueGiveFromISR
                0x40080a50        0x4 C:/msys32/home/Peter/progs/hello_world/build/freertos\libfreertos.a(queue.o)
                                 0x30 (size before relaxing)
 .literal.xQueueGenericReceive
                0x40080a54        0x4 C:/msys32/home/Peter/progs/hello_world/build/freertos\libfreertos.a(queue.o)
                                 0x78 (size before relaxing)
 .literal.xQueueTakeMutexRecursive
                0x40080a58        0x4 C:/msys32/home/Peter/progs/hello_world/build/freertos\libfreertos.a(queue.o)
                                 0x1c (size before relaxing)
 .literal.xQueueReceiveFromISR
                0x40080a5c        0x4 C:/msys32/home/Peter/progs/hello_world/build/freertos\libfreertos.a(queue.o)
                                 0x30 (size before relaxing)
 .literal.uxQueueSpacesAvailable
                0x40080a60        0x4 C:/msys32/home/Peter/progs/hello_world/build/freertos\libfreertos.a(queue.o)
                                 0x1c (size before relaxing)
 .literal.vQueueDelete
                0x40080a64        0x4 C:/msys32/home/Peter/progs/hello_world/build/freertos\libfreertos.a(queue.o)
                                 0x18 (size before relaxing)
 .literal.vQueueWaitForMessageRestricted
                0x40080a68        0x0 C:/msys32/home/Peter/progs/hello_world/build/freertos\libfreertos.a(queue.o)
                                  0xc (size before relaxing)
 .literal.xt_unhandled_interrupt
                0x40080a68        0x4 C:/msys32/home/Peter/progs/hello_world/build/freertos\libfreertos.a(xtensa_intr.o)
                                  0x8 (size before relaxing)
 .literal.xt_set_interrupt_handler
                0x40080a6c        0x8 C:/msys32/home/Peter/progs/hello_world/build/freertos\libfreertos.a(xtensa_intr.o)
                                  0xc (size before relaxing)
 .literal       0x40080a74        0xc C:/msys32/home/Peter/progs/hello_world/build/freertos\libfreertos.a(portasm.o)
                                 0x54 (size before relaxing)
 .literal       0x40080a80        0x0 C:/msys32/home/Peter/progs/hello_world/build/freertos\libfreertos.a(xtensa_context.o)
                                 0x10 (size before relaxing)
 .literal.prvGetNextExpireTime
                0x40080a80        0x4 C:/msys32/home/Peter/progs/hello_world/build/freertos\libfreertos.a(timers.o)
 .literal.prvInsertTimerInActiveList
                0x40080a84        0x4 C:/msys32/home/Peter/progs/hello_world/build/freertos\libfreertos.a(timers.o)
                                 0x10 (size before relaxing)
 .literal.prvCheckForValidListAndQueue
                0x40080a88       0x1c C:/msys32/home/Peter/progs/hello_world/build/freertos\libfreertos.a(timers.o)
                                 0x44 (size before relaxing)
 .literal.xTimerCreateTimerTask
                0x40080aa4        0xc C:/msys32/home/Peter/progs/hello_world/build/freertos\libfreertos.a(timers.o)
                                 0x2c (size before relaxing)
 .literal.xTimerGenericCommand
                0x40080ab0        0x0 C:/msys32/home/Peter/progs/hello_world/build/freertos\libfreertos.a(timers.o)
                                 0x14 (size before relaxing)
 .literal.prvSwitchTimerLists
                0x40080ab0        0x4 C:/msys32/home/Peter/progs/hello_world/build/freertos\libfreertos.a(timers.o)
                                 0x28 (size before relaxing)
 .literal.prvSampleTimeNow
                0x40080ab4        0x4 C:/msys32/home/Peter/progs/hello_world/build/freertos\libfreertos.a(timers.o)
                                  0xc (size before relaxing)
 .literal.prvProcessExpiredTimer
                0x40080ab8        0x4 C:/msys32/home/Peter/progs/hello_world/build/freertos\libfreertos.a(timers.o)
                                 0x24 (size before relaxing)
 .literal.prvProcessTimerOrBlockTask
                0x40080abc        0x0 C:/msys32/home/Peter/progs/hello_world/build/freertos\libfreertos.a(timers.o)
                                 0x24 (size before relaxing)
 .literal.prvProcessReceivedCommands
                0x40080abc        0x8 C:/msys32/home/Peter/progs/hello_world/build/freertos\libfreertos.a(timers.o)
                                 0x40 (size before relaxing)
 .literal.prvTimerTask
                0x40080ac4        0x0 C:/msys32/home/Peter/progs/hello_world/build/freertos\libfreertos.a(timers.o)
                                  0xc (size before relaxing)
 .literal.get_prev_free_block
                0x40080ac4       0x10 C:/msys32/home/Peter/progs/hello_world/build/heap\libheap.a(multi_heap.o)
                                 0x28 (size before relaxing)
 .literal.split_if_necessary
                0x40080ad4       0x10 C:/msys32/home/Peter/progs/hello_world/build/heap\libheap.a(multi_heap.o)
                                 0x50 (size before relaxing)
 .literal.assert_valid_block
                0x40080ae4        0x0 C:/msys32/home/Peter/progs/hello_world/build/heap\libheap.a(multi_heap.o)
                                 0x2c (size before relaxing)
 .literal.merge_adjacent
                0x40080ae4        0x8 C:/msys32/home/Peter/progs/hello_world/build/heap\libheap.a(multi_heap.o)
                                 0x4c (size before relaxing)
 .literal.multi_heap_get_allocated_size_impl
                0x40080aec        0x0 C:/msys32/home/Peter/progs/hello_world/build/heap\libheap.a(multi_heap.o)
                                 0x10 (size before relaxing)
 .literal.multi_heap_malloc_impl
                0x40080aec        0x0 C:/msys32/home/Peter/progs/hello_world/build/heap\libheap.a(multi_heap.o)
                                 0x28 (size before relaxing)
 .literal.multi_heap_free_impl
                0x40080aec        0x0 C:/msys32/home/Peter/progs/hello_world/build/heap\libheap.a(multi_heap.o)
                                 0x50 (size before relaxing)
 .literal.multi_heap_realloc_impl
                0x40080aec        0x8 C:/msys32/home/Peter/progs/hello_world/build/heap\libheap.a(multi_heap.o)
                                 0x68 (size before relaxing)
 .literal.panicPutChar
                0x40080af4        0x4 C:/msys32/home/Peter/progs/hello_world/build/esp32\libesp32.a(panic.o)
                                  0x8 (size before relaxing)
 .literal.panicPutStr
                0x40080af8        0x0 C:/msys32/home/Peter/progs/hello_world/build/esp32\libesp32.a(panic.o)
                                  0x4 (size before relaxing)
 .literal.panicPutHex
                0x40080af8        0x0 C:/msys32/home/Peter/progs/hello_world/build/esp32\libesp32.a(panic.o)
                                  0x8 (size before relaxing)
 .literal.panicPutDec
                0x40080af8        0x4 C:/msys32/home/Peter/progs/hello_world/build/esp32\libesp32.a(panic.o)
                                 0x10 (size before relaxing)
 .literal.illegal_instruction_helper
                0x40080afc       0x18 C:/msys32/home/Peter/progs/hello_world/build/esp32\libesp32.a(panic.o)
                                 0x3c (size before relaxing)
 .literal.reconfigureAllWdts
                0x40080b14       0x10 C:/msys32/home/Peter/progs/hello_world/build/esp32\libesp32.a(panic.o)
                                 0x24 (size before relaxing)
 .literal.putEntry
                0x40080b24        0xc C:/msys32/home/Peter/progs/hello_world/build/esp32\libesp32.a(panic.o)
                                 0x20 (size before relaxing)
 .literal.doBacktrace
                0x40080b30       0x10 C:/msys32/home/Peter/progs/hello_world/build/esp32\libesp32.a(panic.o)
                                 0x24 (size before relaxing)
 .literal.invoke_abort
                0x40080b40        0x4 C:/msys32/home/Peter/progs/hello_world/build/esp32\libesp32.a(panic.o)
                                  0x8 (size before relaxing)
 .literal.haltOtherCore
                0x40080b44        0x0 C:/msys32/home/Peter/progs/hello_world/build/esp32\libesp32.a(panic.o)
                                  0x4 (size before relaxing)
 .literal.commonErrorHandler_dump
                0x40080b44       0x2c C:/msys32/home/Peter/progs/hello_world/build/esp32\libesp32.a(panic.o)
                                 0x90 (size before relaxing)
 .literal.esp_panic_dig_reset
                0x40080b70        0x0 C:/msys32/home/Peter/progs/hello_world/build/esp32\libesp32.a(panic.o)
                                 0x18 (size before relaxing)
 .literal.commonErrorHandler
                0x40080b70        0x8 C:/msys32/home/Peter/progs/hello_world/build/esp32\libesp32.a(panic.o)
                                 0x4c (size before relaxing)
 .literal.esp_error_check_failed_print
                0x40080b78       0x14 C:/msys32/home/Peter/progs/hello_world/build/esp32\libesp32.a(panic.o)
                                 0x2c (size before relaxing)
 .literal.abort
                0x40080b8c        0x8 C:/msys32/home/Peter/progs/hello_world/build/esp32\libesp32.a(panic.o)
                                 0x18 (size before relaxing)
 .literal.vApplicationStackOverflowHook
                0x40080b94        0x8 C:/msys32/home/Peter/progs/hello_world/build/esp32\libesp32.a(panic.o)
                                 0x18 (size before relaxing)
 .literal.panicHandler
                0x40080b9c       0x34 C:/msys32/home/Peter/progs/hello_world/build/esp32\libesp32.a(panic.o)
                                 0xa8 (size before relaxing)
 .literal.xt_unhandled_exception
                0x40080bd0       0x18 C:/msys32/home/Peter/progs/hello_world/build/esp32\libesp32.a(panic.o)
                                 0x68 (size before relaxing)
 .literal._esp_error_check_failed
                0x40080be8        0x4 C:/msys32/home/Peter/progs/hello_world/build/esp32\libesp32.a(panic.o)
                                  0xc (size before relaxing)
 .literal.rtc_clk_32k_enable_common
                0x40080bec       0x14 C:/msys32/home/Peter/progs/hello_world/build/soc\libsoc.a(rtc_clk.o)
 .literal.rtc_clk_bbpll_disable
                0x40080c00        0xc C:/msys32/home/Peter/progs/hello_world/build/soc\libsoc.a(rtc_clk.o)
                                 0x10 (size before relaxing)
 .literal.rtc_clk_bbpll_enable
                0x40080c0c        0x8 C:/msys32/home/Peter/progs/hello_world/build/soc\libsoc.a(rtc_clk.o)
                                 0x1c (size before relaxing)
 .literal.rtc_clk_32k_enable
                0x40080c14        0x8 C:/msys32/home/Peter/progs/hello_world/build/soc\libsoc.a(rtc_clk.o)
                                 0x10 (size before relaxing)
 .literal.rtc_clk_32k_enable_external
                0x40080c1c        0x0 C:/msys32/home/Peter/progs/hello_world/build/soc\libsoc.a(rtc_clk.o)
                                  0x4 (size before relaxing)
 .literal.rtc_clk_8m_enable
                0x40080c1c        0xc C:/msys32/home/Peter/progs/hello_world/build/soc\libsoc.a(rtc_clk.o)
                                 0x10 (size before relaxing)
 .literal.rtc_clk_slow_freq_set
                0x40080c28        0x0 C:/msys32/home/Peter/progs/hello_world/build/soc\libsoc.a(rtc_clk.o)
                                  0xc (size before relaxing)
 .literal.rtc_clk_slow_freq_get
                0x40080c28        0x0 C:/msys32/home/Peter/progs/hello_world/build/soc\libsoc.a(rtc_clk.o)
                                  0x4 (size before relaxing)
 .literal.rtc_clk_slow_freq_get_hz
                0x40080c28        0xc C:/msys32/home/Peter/progs/hello_world/build/soc\libsoc.a(rtc_clk.o)
                                 0x10 (size before relaxing)
 .literal.rtc_clk_fast_freq_set
                0x40080c34        0x4 C:/msys32/home/Peter/progs/hello_world/build/soc\libsoc.a(rtc_clk.o)
                                  0xc (size before relaxing)
 .literal.rtc_clk_bbpll_configure
                0x40080c38        0xc C:/msys32/home/Peter/progs/hello_world/build/soc\libsoc.a(rtc_clk.o)
                                 0x3c (size before relaxing)
 .literal.rtc_clk_xtal_freq_get
                0x40080c44        0x8 C:/msys32/home/Peter/progs/hello_world/build/soc\libsoc.a(rtc_clk.o)
 .literal.rtc_clk_cpu_freq_mhz_to_config
                0x40080c4c        0x0 C:/msys32/home/Peter/progs/hello_world/build/soc\libsoc.a(rtc_clk.o)
                                  0x4 (size before relaxing)
 .literal.rtc_clk_cpu_freq_get_config
                0x40080c4c       0x10 C:/msys32/home/Peter/progs/hello_world/build/soc\libsoc.a(rtc_clk.o)
                                 0x34 (size before relaxing)
 .literal.rtc_clk_apb_freq_update
                0x40080c5c        0x4 C:/msys32/home/Peter/progs/hello_world/build/soc\libsoc.a(rtc_clk.o)
 .literal.rtc_clk_cpu_freq_to_xtal
                0x40080c60        0xc C:/msys32/home/Peter/progs/hello_world/build/soc\libsoc.a(rtc_clk.o)
                                 0x30 (size before relaxing)
 .literal.rtc_clk_cpu_freq_set_xtal
                0x40080c6c        0x0 C:/msys32/home/Peter/progs/hello_world/build/soc\libsoc.a(rtc_clk.o)
                                 0x10 (size before relaxing)
 .literal.rtc_clk_cpu_freq_to_pll_mhz
                0x40080c6c        0xc C:/msys32/home/Peter/progs/hello_world/build/soc\libsoc.a(rtc_clk.o)
                                 0x3c (size before relaxing)
 .literal.rtc_clk_cpu_freq_to_8m
                0x40080c78        0x4 C:/msys32/home/Peter/progs/hello_world/build/soc\libsoc.a(rtc_clk.o)
                                 0x28 (size before relaxing)
 .literal.rtc_clk_cpu_freq_set_config
                0x40080c7c        0x0 C:/msys32/home/Peter/progs/hello_world/build/soc\libsoc.a(rtc_clk.o)
                                 0x30 (size before relaxing)
 .literal.rtc_clk_apb_freq_get
                0x40080c7c        0x4 C:/msys32/home/Peter/progs/hello_world/build/soc\libsoc.a(rtc_clk.o)
                                 0x10 (size before relaxing)
 .literal.rtc_clk_cal_internal
                0x40080c80       0x30 C:/msys32/home/Peter/progs/hello_world/build/soc\libsoc.a(rtc_time.o)
                                 0x68 (size before relaxing)
 .literal.rtc_clk_cal
                0x40080cb0        0x0 C:/msys32/home/Peter/progs/hello_world/build/soc\libsoc.a(rtc_time.o)
                                  0xc (size before relaxing)
 .literal.rtc_time_get
                0x40080cb0       0x10 C:/msys32/home/Peter/progs/hello_world/build/soc\libsoc.a(rtc_time.o)
                                 0x18 (size before relaxing)
 .literal.rtc_clk_wait_for_slow_cycle
                0x40080cc0        0x8 C:/msys32/home/Peter/progs/hello_world/build/soc\libsoc.a(rtc_time.o)
                                 0x20 (size before relaxing)
 .literal.rtc_init
                0x40080cc8       0x74 C:/msys32/home/Peter/progs/hello_world/build/soc\libsoc.a(rtc_init.o)
                                 0xdc (size before relaxing)
 .literal.rtc_wdt_get_protect_status
                0x40080d3c        0x8 C:/msys32/home/Peter/progs/hello_world/build/soc\libsoc.a(rtc_wdt.o)
 .literal.rtc_wdt_protect_off
                0x40080d44        0x0 C:/msys32/home/Peter/progs/hello_world/build/soc\libsoc.a(rtc_wdt.o)
                                  0x8 (size before relaxing)
 .literal.rtc_wdt_protect_on
                0x40080d44        0x0 C:/msys32/home/Peter/progs/hello_world/build/soc\libsoc.a(rtc_wdt.o)
                                  0x4 (size before relaxing)
 .literal.rtc_wdt_enable
                0x40080d44        0xc C:/msys32/home/Peter/progs/hello_world/build/soc\libsoc.a(rtc_wdt.o)
                                 0x10 (size before relaxing)
 .literal.rtc_wdt_flashboot_mode_enable
                0x40080d50        0x0 C:/msys32/home/Peter/progs/hello_world/build/soc\libsoc.a(rtc_wdt.o)
                                  0x4 (size before relaxing)
 .literal.rtc_wdt_feed
                0x40080d50        0x0 C:/msys32/home/Peter/progs/hello_world/build/soc\libsoc.a(rtc_wdt.o)
                                 0x14 (size before relaxing)
 .literal.rtc_wdt_set_time
                0x40080d50       0x14 C:/msys32/home/Peter/progs/hello_world/build/soc\libsoc.a(rtc_wdt.o)
                                 0x20 (size before relaxing)
 .literal.rtc_wdt_set_stage
                0x40080d64        0x8 C:/msys32/home/Peter/progs/hello_world/build/soc\libsoc.a(rtc_wdt.o)
                                 0x14 (size before relaxing)
 .literal.rtc_wdt_disable
                0x40080d6c        0x0 C:/msys32/home/Peter/progs/hello_world/build/soc\libsoc.a(rtc_wdt.o)
                                 0x2c (size before relaxing)
 .literal.rtc_wdt_set_length_of_reset_signal
                0x40080d6c        0x4 C:/msys32/home/Peter/progs/hello_world/build/soc\libsoc.a(rtc_wdt.o)
                                  0xc (size before relaxing)
 .literal.rtc_wdt_is_on
                0x40080d70        0x0 C:/msys32/home/Peter/progs/hello_world/build/soc\libsoc.a(rtc_wdt.o)
                                  0x4 (size before relaxing)
 .literal       0x40080d70        0x0 C:/msys32/home/Peter/esp/esp-idf/components/esp32/libhal.a(windowspill_asm.o)
                                  0x4 (size before relaxing)
 .literal.esp_rom_spiflash_read_status
                0x40080d70       0x10 C:/msys32/home/Peter/progs/hello_world/build/spi_flash\libspi_flash.a(spi_flash_rom_patch.o)
                                 0x14 (size before relaxing)
 .literal.esp_rom_spiflash_wait_idle
                0x40080d80        0x8 C:/msys32/home/Peter/progs/hello_world/build/spi_flash\libspi_flash.a(spi_flash_rom_patch.o)
                                  0xc (size before relaxing)
 .literal.esp_rom_spiflash_erase_block_internal
                0x40080d88        0x4 C:/msys32/home/Peter/progs/hello_world/build/spi_flash\libspi_flash.a(spi_flash_rom_patch.o)
                                 0x18 (size before relaxing)
 .literal.esp_rom_spiflash_erase_sector_internal
                0x40080d8c        0x0 C:/msys32/home/Peter/progs/hello_world/build/spi_flash\libspi_flash.a(spi_flash_rom_patch.o)
                                 0x18 (size before relaxing)
 .literal.esp_rom_spiflash_read_data
                0x40080d8c       0x1c C:/msys32/home/Peter/progs/hello_world/build/spi_flash\libspi_flash.a(spi_flash_rom_patch.o)
                                 0x34 (size before relaxing)
 .literal.esp_rom_spiflash_enable_write
                0x40080da8        0x0 C:/msys32/home/Peter/progs/hello_world/build/spi_flash\libspi_flash.a(spi_flash_rom_patch.o)
                                 0x10 (size before relaxing)
 .literal.esp_rom_spiflash_program_page_internal
                0x40080da8       0x10 C:/msys32/home/Peter/progs/hello_world/build/spi_flash\libspi_flash.a(spi_flash_rom_patch.o)
                                 0x40 (size before relaxing)
 .literal.esp_rom_spiflash_read_statushigh
                0x40080db8        0x4 C:/msys32/home/Peter/progs/hello_world/build/spi_flash\libspi_flash.a(spi_flash_rom_patch.o)
                                  0xc (size before relaxing)
 .literal.esp_rom_spiflash_write_status
                0x40080dbc        0x4 C:/msys32/home/Peter/progs/hello_world/build/spi_flash\libspi_flash.a(spi_flash_rom_patch.o)
                                 0x14 (size before relaxing)
 .literal.esp_rom_spiflash_unlock
                0x40080dc0        0x4 C:/msys32/home/Peter/progs/hello_world/build/spi_flash\libspi_flash.a(spi_flash_rom_patch.o)
                                 0x28 (size before relaxing)
 .literal.esp_rom_spiflash_erase_block
                0x40080dc4        0xc C:/msys32/home/Peter/progs/hello_world/build/spi_flash\libspi_flash.a(spi_flash_rom_patch.o)
                                 0x20 (size before relaxing)
 .literal.esp_rom_spiflash_erase_sector
                0x40080dd0        0x0 C:/msys32/home/Peter/progs/hello_world/build/spi_flash\libspi_flash.a(spi_flash_rom_patch.o)
                                 0x20 (size before relaxing)
 .literal.esp_rom_spiflash_write
                0x40080dd0        0x0 C:/msys32/home/Peter/progs/hello_world/build/spi_flash\libspi_flash.a(spi_flash_rom_patch.o)
                                 0x28 (size before relaxing)
 .literal.esp_rom_spiflash_write_encrypted
                0x40080dd0        0xc C:/msys32/home/Peter/progs/hello_world/build/spi_flash\libspi_flash.a(spi_flash_rom_patch.o)
                                 0x10 (size before relaxing)
 .literal.esp_rom_spiflash_read
                0x40080ddc       0x30 C:/msys32/home/Peter/progs/hello_world/build/spi_flash\libspi_flash.a(spi_flash_rom_patch.o)
                                 0x5c (size before relaxing)
 .iram1         0x40080e0c      0x292 C:/msys32/home/Peter/progs/hello_world/build/esp32\libesp32.a(cpu_start.o)
                                0x34a (size before relaxing)
                0x40080e0c                start_cpu0_default
                0x40080e0c                start_cpu0
                0x40080ed8                start_cpu1
                0x40080ed8                start_cpu1_default
                0x40080f58                call_start_cpu0
 *fill*         0x4008109e        0x2 
 .iram1         0x400810a0       0xda C:/msys32/home/Peter/progs/hello_world/build/esp32\libesp32.a(dport_panic_highint_hdl.o)
                0x400810a0                xt_highint4
                0x4008117a                ld_include_panic_highint_hdl
 *fill*         0x4008117a        0x2 
 .iram1         0x4008117c       0x53 C:/msys32/home/Peter/progs/hello_world/build/esp32\libesp32.a(int_wdt.o)
 *fill*         0x400811cf        0x1 
 .iram1         0x400811d0      0x195 C:/msys32/home/Peter/progs/hello_world/build/esp32\libesp32.a(system_api.o)
                                0x1e0 (size before relaxing)
                0x400811d0                esp_restart_noos
                0x40081344                system_restart
                0x40081344                esp_restart
 *fill*         0x40081365        0x3 
 .iram1         0x40081368      0x1e3 C:/msys32/home/Peter/progs/hello_world/build/esp32\libesp32.a(dport_access.o)
                                0x1ef (size before relaxing)
                0x40081368                esp_dport_access_stall_other_cpu_start
                0x40081418                esp_dport_access_stall_other_cpu_end
                0x40081494                esp_dport_access_stall_other_cpu_start_wrap
                0x4008149c                esp_dport_access_stall_other_cpu_end_wrap
                0x400814a4                esp_dport_access_int_pause
                0x400814c8                esp_dport_access_int_abort
                0x400814dc                esp_dport_access_int_resume
                0x40081500                esp_dport_access_reg_read
                0x40081518                esp_dport_access_sequence_reg_read
                0x40081524                esp_dport_access_read_buffer
 *fill*         0x4008154b        0x1 
 .iram1         0x4008154c      0x203 C:/msys32/home/Peter/progs/hello_world/build/esp32\libesp32.a(esp_timer.o)
                                0x21b (size before relaxing)
                0x40081668                esp_timer_stop
                0x4008168c                esp_timer_get_next_alarm
                0x400816ac                esp_timer_get_time
                0x400816bc                esp_timer_start_once
                0x40081700                esp_timer_start_periodic
 *fill*         0x4008174f        0x1 
 .iram1         0x40081750      0x2b6 C:/msys32/home/Peter/progs/hello_world/build/esp32\libesp32.a(intr_alloc.o)
                                0x2ce (size before relaxing)
                0x4008178c                esp_intr_set_in_iram
                0x40081814                esp_intr_enable
                0x4008189c                esp_intr_disable
                0x40081964                esp_intr_noniram_disable
                0x400819b0                esp_intr_noniram_enable
                0x400819f0                ets_isr_unmask
                0x400819fc                ets_isr_mask
 *fill*         0x40081a06        0x2 
 .iram1         0x40081a08       0x7f C:/msys32/home/Peter/progs/hello_world/build/esp32\libesp32.a(ipc.o)
                                 0x8b (size before relaxing)
 *fill*         0x40081a87        0x1 
 .iram1         0x40081a88       0x2c C:/msys32/home/Peter/progs/hello_world/build/esp32\libesp32.a(cache_err_int.o)
                                 0x34 (size before relaxing)
                0x40081a88                esp_cache_err_get_cpuid
 .iram1         0x40081ab4       0x27 C:/msys32/home/Peter/progs/hello_world/build/esp32\libesp32.a(freertos_hooks.o)
                0x40081ab4                esp_vApplicationTickHook
 *fill*         0x40081adb        0x1 
 .iram1         0x40081adc       0x47 C:/msys32/home/Peter/progs/hello_world/build/esp32\libesp32.a(clk.o)
                                 0x4b (size before relaxing)
                0x40081adc                esp_clk_cpu_freq
                0x40081aec                esp_clk_apb_freq
                0x40081b04                esp_clk_xtal_freq
                0x40081b14                ets_update_cpu_frequency
 *fill*         0x40081b23        0x1 
 .iram1         0x40081b24      0x4af C:/msys32/home/Peter/progs/hello_world/build/esp32\libesp32.a(esp_timer_esp32.o)
                                0x4bb (size before relaxing)
                0x40081c48                esp_timer_impl_get_time
                0x40081db8                esp_timer_impl_set_alarm
                0x40081f00                esp_timer_impl_update_apb_freq
                0x40081fc8                esp_timer_impl_get_min_period_us
 *fill*         0x40081fd3        0x1 
 .iram1         0x40081fd4       0xb0 C:/msys32/home/Peter/progs/hello_world/build/esp32\libesp32.a(crosscore_int.o)
                                 0xc0 (size before relaxing)
                0x4008206c                esp_crosscore_int_send_yield
                0x40082078                esp_crosscore_int_send_freq_switch
 .iram1         0x40082084       0x1a C:/msys32/home/Peter/progs/hello_world/build/freertos\libfreertos.a(port.o)
                0x40082084                xPortInterruptedFromISRContext
 *fill*         0x4008209e        0x2 
 .iram1         0x400820a0      0x4f8 C:/msys32/home/Peter/progs/hello_world/build/freertos\libfreertos.a(xtensa_vectors.o)
                0x400820a0                _xt_panic
                0x400821c0                _xt_user_exit
                0x400824d4                _xt_medint2_exit
                0x40082584                _xt_medint3_exit
 .iram1         0x40082598      0x411 C:/msys32/home/Peter/progs/hello_world/build/heap\libheap.a(heap_caps.o)
                                0x431 (size before relaxing)
                0x40082630                heap_caps_malloc
                0x400826e0                heap_caps_malloc_default
                0x40082724                heap_caps_malloc_prefer
                0x4008277c                heap_caps_free
                0x400827b4                heap_caps_realloc
                0x40082868                heap_caps_realloc_default
                0x400828c0                heap_caps_realloc_prefer
                0x40082924                heap_caps_calloc
                0x40082954                heap_caps_calloc_prefer
 *fill*         0x400829a9        0x3 
 .iram1         0x400829ac      0x18a C:/msys32/home/Peter/progs/hello_world/build/log\liblog.a(log.o)
                                0x19a (size before relaxing)
                0x400829ac                esp_log_write
                0x40082adc                esp_log_early_timestamp
                0x40082af8                esp_log_timestamp
 *fill*         0x40082b36        0x2 
 .iram1         0x40082b38      0x1cc C:/msys32/home/Peter/progs/hello_world/build/newlib\libnewlib.a(locks.o)
                                0x210 (size before relaxing)
                0x40082c50                _lock_init
                0x40082c60                _lock_init_recursive
                0x40082c70                _lock_close
                0x40082c70                _lock_close_recursive
                0x40082cac                _lock_acquire
                0x40082cbc                _lock_acquire_recursive
                0x40082ccc                _lock_try_acquire
                0x40082cdc                _lock_try_acquire_recursive
                0x40082cec                _lock_release
                0x40082cf8                _lock_release_recursive
 .iram1         0x40082d04       0x5a C:/msys32/home/Peter/progs/hello_world/build/newlib\libnewlib.a(syscalls.o)
                                 0x62 (size before relaxing)
                0x40082d04                _malloc_r
                0x40082d10                _free_r
                0x40082d1c                _realloc_r
                0x40082d30                _calloc_r
 *fill*         0x40082d5e        0x2 
 .iram1         0x40082d60       0x3c C:/msys32/home/Peter/progs/hello_world/build/newlib\libnewlib.a(reent_init.o)
                0x40082d60                esp_reent_init
 .iram1         0x40082d9c       0x70 C:/msys32/home/Peter/progs/hello_world/build/newlib\libnewlib.a(time.o)
                                 0x74 (size before relaxing)
                0x40082d9c                _gettimeofday_r
                0x40082de4                _times_r
 .iram1         0x40082e0c      0x11a C:/msys32/home/Peter/progs/hello_world/build/soc\libsoc.a(cpu_util.o)
                0x40082e0c                esp_cpu_stall
                0x40082ea0                esp_cpu_unstall
                0x40082ef4                esp_cpu_reset
                0x40082f18                esp_cpu_in_ocd_debug_mode
 *fill*         0x40082f26        0x2 
 .iram1         0x40082f28      0x74a C:/msys32/home/Peter/progs/hello_world/build/spi_flash\libspi_flash.a(flash_ops.o)
                                0x76a (size before relaxing)
                0x40082f98                spi_flash_guard_set
                0x40082fa4                spi_flash_guard_get
                0x40082fb0                spi_flash_get_chip_size
                0x40082fbc                spi_flash_erase_range
                0x4008307c                spi_flash_erase_sector
                0x400830ac                spi_flash_write
                0x40083280                spi_flash_read
                0x40083518                spi_flash_read_encrypted
                0x40083560                spi_flash_write_encrypted
 *fill*         0x40083672        0x2 
 .iram1         0x40083674      0x2f4 C:/msys32/home/Peter/progs/hello_world/build/spi_flash\libspi_flash.a(cache_utils.o)
                                0x340 (size before relaxing)
                0x400836d8                spi_flash_op_block_func
                0x40083784                spi_flash_disable_interrupts_caches_and_other_cpu
                0x40083864                spi_flash_enable_interrupts_caches_and_other_cpu
                0x400838fc                spi_flash_disable_interrupts_caches_and_other_cpu_no_os
                0x40083928                spi_flash_enable_interrupts_caches_no_os
                0x40083944                spi_flash_cache_enabled
 .iram1         0x40083968      0x5c3 C:/msys32/home/Peter/progs/hello_world/build/spi_flash\libspi_flash.a(flash_mmap.o)
                                0x60f (size before relaxing)
                0x40083abc                spi_flash_mmap_pages
                0x40083d00                spi_flash_mmap
                0x40083d74                spi_flash_munmap
                0x40083e18                spi_flash_mmap_get_free_pages
                0x40083e6c                spi_flash_mark_modified_region
                0x40083eb8                spi_flash_phys2cache
 *fill*         0x40083f2b        0x1 
 .iram1         0x40083f2c       0x20 C:/msys32/home/Peter/progs/hello_world/build/esp32\libesp32.a(dbg_stubs.o)
 *fill*         0x40083f4c        0x0 
 *fill*         0x40083f4c        0x0 
 *fill*         0x40083f4c        0x0 
 *fill*         0x40083f4c        0x0 
 *fill*         0x40083f4c        0x0 
 *fill*         0x40083f4c        0x0 
 *fill*         0x40083f4c        0x0 
 *fill*         0x40083f4c        0x0 
 *fill*         0x40083f4c        0x0 
 *fill*         0x40083f4c        0x0 
 .iram1         0x40083f4c       0x2e C:/msys32/home/Peter/progs/hello_world/build/freertos\libfreertos.a(xtensa_vector_defaults.o)
                0x40083f4c                xt_debugexception
                0x40083f6c                xt_highint5
                0x40083f74                xt_nmi
                0x40083f74                _xt_nmi
 *fill*         0x40083f7a        0x0 
 *fill*         0x40083f7a        0x0 
 *fill*         0x40083f7a        0x0 
 *fill*         0x40083f7a        0x0 
 *fill*         0x40083f7a        0x0 
 *fill*         0x40083f7a        0x0 
 *libesp_ringbuf.a:(.literal .text .literal.* .text.*)
 *fill*         0x40083f7a        0x2 
 .text.prvReturnItemByteBuf
                0x40083f7c       0x4c C:/msys32/home/Peter/progs/hello_world/build/esp_ringbuf\libesp_ringbuf.a(ringbuf.o)
                                 0x4f (size before relaxing)
 *fill*         0x40083fc8        0x0 
 .text.prvGetItemByteBuf
                0x40083fc8       0xd7 C:/msys32/home/Peter/progs/hello_world/build/esp_ringbuf\libesp_ringbuf.a(ringbuf.o)
                                 0xdb (size before relaxing)
 *fill*         0x4008409f        0x1 
 .text.prvCheckItemFitsByteBuffer
                0x400840a0       0x65 C:/msys32/home/Peter/progs/hello_world/build/esp_ringbuf\libesp_ringbuf.a(ringbuf.o)
 *fill*         0x40084105        0x3 
 .text.prvReturnItemDefault
                0x40084108      0x146 C:/msys32/home/Peter/progs/hello_world/build/esp_ringbuf\libesp_ringbuf.a(ringbuf.o)
                                0x156 (size before relaxing)
 *fill*         0x4008424e        0x2 
 .text.prvGetItemDefault
                0x40084250      0x146 C:/msys32/home/Peter/progs/hello_world/build/esp_ringbuf\libesp_ringbuf.a(ringbuf.o)
                                0x152 (size before relaxing)
 *fill*         0x40084396        0x2 
 .text.prvCheckItemFitsDefault
                0x40084398       0xb1 C:/msys32/home/Peter/progs/hello_world/build/esp_ringbuf\libesp_ringbuf.a(ringbuf.o)
 *fill*         0x40084449        0x3 
 .text.prvGetFreeSize
                0x4008444c       0x3c C:/msys32/home/Peter/progs/hello_world/build/esp_ringbuf\libesp_ringbuf.a(ringbuf.o)
                                 0x40 (size before relaxing)
 .text.prvCopyItemByteBuf
                0x40084488       0x7b C:/msys32/home/Peter/progs/hello_world/build/esp_ringbuf\libesp_ringbuf.a(ringbuf.o)
 *fill*         0x40084503        0x1 
 .text.prvCopyItemAllowSplit
                0x40084504       0xef C:/msys32/home/Peter/progs/hello_world/build/esp_ringbuf\libesp_ringbuf.a(ringbuf.o)
                                 0xf3 (size before relaxing)
 *fill*         0x400845f3        0x1 
 .text.prvCopyItemNoSplit
                0x400845f4       0xbc C:/msys32/home/Peter/progs/hello_world/build/esp_ringbuf\libesp_ringbuf.a(ringbuf.o)
 .text.prvReceiveGeneric
                0x400846b0      0x128 C:/msys32/home/Peter/progs/hello_world/build/esp_ringbuf\libesp_ringbuf.a(ringbuf.o)
                                0x13c (size before relaxing)
 .text.prvReceiveGenericFromISR
                0x400847d8       0xd9 C:/msys32/home/Peter/progs/hello_world/build/esp_ringbuf\libesp_ringbuf.a(ringbuf.o)
                                 0xe5 (size before relaxing)
 *fill*         0x400848b1        0x3 
 .text.xRingbufferCreate
                0x400848b4      0x131 C:/msys32/home/Peter/progs/hello_world/build/esp_ringbuf\libesp_ringbuf.a(ringbuf.o)
                                0x140 (size before relaxing)
                0x400848b4                xRingbufferCreate
 *fill*         0x400849e5        0x3 
 .text.xRingbufferSend
                0x400849e8       0xfd C:/msys32/home/Peter/progs/hello_world/build/esp_ringbuf\libesp_ringbuf.a(ringbuf.o)
                                0x111 (size before relaxing)
                0x400849e8                xRingbufferSend
 *fill*         0x40084ae5        0x3 
 .text.xRingbufferSendFromISR
                0x40084ae8       0xb6 C:/msys32/home/Peter/progs/hello_world/build/esp_ringbuf\libesp_ringbuf.a(ringbuf.o)
                                 0xc6 (size before relaxing)
                0x40084ae8                xRingbufferSendFromISR
 *fill*         0x40084b9e        0x2 
 .text.xRingbufferReceive
                0x40084ba0       0x45 C:/msys32/home/Peter/progs/hello_world/build/esp_ringbuf\libesp_ringbuf.a(ringbuf.o)
                0x40084ba0                xRingbufferReceive
 *fill*         0x40084be5        0x3 
 .text.xRingbufferReceiveFromISR
                0x40084be8       0x41 C:/msys32/home/Peter/progs/hello_world/build/esp_ringbuf\libesp_ringbuf.a(ringbuf.o)
                0x40084be8                xRingbufferReceiveFromISR
 *fill*         0x40084c29        0x3 
 .text.vRingbufferReturnItem
                0x40084c2c       0x5a C:/msys32/home/Peter/progs/hello_world/build/esp_ringbuf\libesp_ringbuf.a(ringbuf.o)
                                 0x66 (size before relaxing)
                0x40084c2c                vRingbufferReturnItem
 *fill*         0x40084c86        0x2 
 .text.vRingbufferReturnItemFromISR
                0x40084c88       0x56 C:/msys32/home/Peter/progs/hello_world/build/esp_ringbuf\libesp_ringbuf.a(ringbuf.o)
                                 0x62 (size before relaxing)
                0x40084c88                vRingbufferReturnItemFromISR
 *fill*         0x40084cde        0x2 
 .text.vRingbufferDelete
                0x40084ce0       0x43 C:/msys32/home/Peter/progs/hello_world/build/esp_ringbuf\libesp_ringbuf.a(ringbuf.o)
                                 0x46 (size before relaxing)
                0x40084ce0                vRingbufferDelete
 *fill*         0x40084d23        0x1 
 .text.xRingbufferGetMaxItemSize
                0x40084d24       0x22 C:/msys32/home/Peter/progs/hello_world/build/esp_ringbuf\libesp_ringbuf.a(ringbuf.o)
                0x40084d24                xRingbufferGetMaxItemSize
 *fill*         0x40084d46        0x2 
 .text.prvCheckItemAvail
                0x40084d48       0x34 C:/msys32/home/Peter/progs/hello_world/build/esp_ringbuf\libesp_ringbuf.a(ringbuf.o)
 .text.prvGetCurMaxSizeNoSplit
                0x40084d7c       0x3d C:/msys32/home/Peter/progs/hello_world/build/esp_ringbuf\libesp_ringbuf.a(ringbuf.o)
 *fill*         0x40084db9        0x3 
 .text.prvGetCurMaxSizeAllowSplit
                0x40084dbc       0x4e C:/msys32/home/Peter/progs/hello_world/build/esp_ringbuf\libesp_ringbuf.a(ringbuf.o)
 *fill*         0x40084e0a        0x2 
 .text.prvGetCurMaxSizeByteBuf
                0x40084e0c       0x1e C:/msys32/home/Peter/progs/hello_world/build/esp_ringbuf\libesp_ringbuf.a(ringbuf.o)
 *fill*         0x40084e2a        0x0 
 *fill*         0x40084e2a        0x0 
 *fill*         0x40084e2a        0x0 
 *fill*         0x40084e2a        0x0 
 *fill*         0x40084e2a        0x0 
 *fill*         0x40084e2a        0x0 
 *fill*         0x40084e2a        0x0 
 *fill*         0x40084e2a        0x0 
 *fill*         0x40084e2a        0x0 
 *fill*         0x40084e2a        0x0 
 *fill*         0x40084e2a        0x0 
 *fill*         0x40084e2a        0x0 
 *fill*         0x40084e2a        0x0 
 *fill*         0x40084e2a        0x0 
 *fill*         0x40084e2a        0x0 
 *fill*         0x40084e2a        0x0 
 *fill*         0x40084e2a        0x0 
 *libfreertos.a:(.literal .text .literal.* .text.*)
 *fill*         0x40084e2a        0x2 
 .text.prvResetNextTaskUnblockTime
                0x40084e2c       0x34 C:/msys32/home/Peter/progs/hello_world/build/freertos\libfreertos.a(tasks.o)
 .text.prvDeleteTLS
                0x40084e60       0x40 C:/msys32/home/Peter/progs/hello_world/build/freertos\libfreertos.a(tasks.o)
 .text.prvInitialiseNewTask
                0x40084ea0       0xc4 C:/msys32/home/Peter/progs/hello_world/build/freertos\libfreertos.a(tasks.o)
                                 0xd0 (size before relaxing)
 .text.prvInitialiseTaskLists
                0x40084f64       0x5a C:/msys32/home/Peter/progs/hello_world/build/freertos\libfreertos.a(tasks.o)
                                 0x6e (size before relaxing)
 *fill*         0x40084fbe        0x2 
 .text.prvDeleteTCB
                0x40084fc0       0x56 C:/msys32/home/Peter/progs/hello_world/build/freertos\libfreertos.a(tasks.o)
                                 0x5d (size before relaxing)
 *fill*         0x40085016        0x2 
 .text.prvAddCurrentTaskToDelayedList
                0x40085018       0x66 C:/msys32/home/Peter/progs/hello_world/build/freertos\libfreertos.a(tasks.o)
                                 0x6a (size before relaxing)
 *fill*         0x4008507e        0x2 
 .text.taskYIELD_OTHER_CORE
                0x40085080       0x53 C:/msys32/home/Peter/progs/hello_world/build/freertos\libfreertos.a(tasks.o)
                0x40085080                taskYIELD_OTHER_CORE
 *fill*         0x400850d3        0x1 
 .text.vTaskSuspendAll
                0x400850d4       0x26 C:/msys32/home/Peter/progs/hello_world/build/freertos\libfreertos.a(tasks.o)
                0x400850d4                vTaskSuspendAll
 *fill*         0x400850fa        0x2 
 .text.xTaskGetTickCount
                0x400850fc        0xd C:/msys32/home/Peter/progs/hello_world/build/freertos\libfreertos.a(tasks.o)
                0x400850fc                xTaskGetTickCount
 *fill*         0x40085109        0x3 
 .text.xTaskGetIdleTaskHandleForCPU
                0x4008510c       0x2a C:/msys32/home/Peter/progs/hello_world/build/freertos\libfreertos.a(tasks.o)
                                 0x2e (size before relaxing)
                0x4008510c                xTaskGetIdleTaskHandleForCPU
 *fill*         0x40085136        0x2 
 .text.vTaskSwitchContext
                0x40085138      0x2a2 C:/msys32/home/Peter/progs/hello_world/build/freertos\libfreertos.a(tasks.o)
                                0x2ae (size before relaxing)
                0x40085138                vTaskSwitchContext
 *fill*         0x400853da        0x2 
 .text.vTaskSetTimeOutState
                0x400853dc       0x34 C:/msys32/home/Peter/progs/hello_world/build/freertos\libfreertos.a(tasks.o)
                0x400853dc                vTaskSetTimeOutState
 .text.xTaskGetCurrentTaskHandle
                0x40085410       0x1f C:/msys32/home/Peter/progs/hello_world/build/freertos\libfreertos.a(tasks.o)
                0x40085410                xTaskGetCurrentTaskHandle
 *fill*         0x4008542f        0x1 
 .text.__getreent
                0x40085430       0x19 C:/msys32/home/Peter/progs/hello_world/build/freertos\libfreertos.a(tasks.o)
                0x40085430                __getreent
 *fill*         0x40085449        0x3 
 .text.pcTaskGetTaskName
                0x4008544c       0x2a C:/msys32/home/Peter/progs/hello_world/build/freertos\libfreertos.a(tasks.o)
                                 0x2d (size before relaxing)
                0x4008544c                pcTaskGetTaskName
 *fill*         0x40085476        0x2 
 .text.xTaskGetAffinity
                0x40085478       0x10 C:/msys32/home/Peter/progs/hello_world/build/freertos\libfreertos.a(tasks.o)
                                 0x13 (size before relaxing)
                0x40085478                xTaskGetAffinity
 *fill*         0x40085488        0x0 
 .text.xTaskGetCurrentTaskHandleForCPU
                0x40085488       0x17 C:/msys32/home/Peter/progs/hello_world/build/freertos\libfreertos.a(tasks.o)
                0x40085488                xTaskGetCurrentTaskHandleForCPU
 *fill*         0x4008549f        0x1 
 .text.xTaskGetSchedulerState
                0x400854a0       0x37 C:/msys32/home/Peter/progs/hello_world/build/freertos\libfreertos.a(tasks.o)
                0x400854a0                xTaskGetSchedulerState
 *fill*         0x400854d7        0x1 
 .text.vTaskEnterCritical
                0x400854d8       0xac C:/msys32/home/Peter/progs/hello_world/build/freertos\libfreertos.a(tasks.o)
                                 0xb3 (size before relaxing)
                0x400854d8                vTaskEnterCritical
 *fill*         0x40085584        0x0 
 .text.vTaskExitCritical
                0x40085584       0x77 C:/msys32/home/Peter/progs/hello_world/build/freertos\libfreertos.a(tasks.o)
                0x40085584                vTaskExitCritical
 *fill*         0x400855fb        0x1 
 .text.prvAddNewTaskToReadyList
                0x400855fc      0x160 C:/msys32/home/Peter/progs/hello_world/build/freertos\libfreertos.a(tasks.o)
                                0x173 (size before relaxing)
 *fill*         0x4008575c        0x0 
 .text.xTaskCreatePinnedToCore
                0x4008575c       0x6e C:/msys32/home/Peter/progs/hello_world/build/freertos\libfreertos.a(tasks.o)
                                 0x76 (size before relaxing)
                0x4008575c                xTaskCreatePinnedToCore
 *fill*         0x400857ca        0x2 
 .text.vTaskStartScheduler
                0x400857cc       0x77 C:/msys32/home/Peter/progs/hello_world/build/freertos\libfreertos.a(tasks.o)
                                 0x82 (size before relaxing)
                0x400857cc                vTaskStartScheduler
 *fill*         0x40085843        0x1 
 .text.vTaskDelete
                0x40085844      0x10a C:/msys32/home/Peter/progs/hello_world/build/freertos\libfreertos.a(tasks.o)
                                0x122 (size before relaxing)
                0x40085844                vTaskDelete
 *fill*         0x4008594e        0x2 
 .text.vTaskDelay
                0x40085950       0x74 C:/msys32/home/Peter/progs/hello_world/build/freertos\libfreertos.a(tasks.o)
                                 0x84 (size before relaxing)
                0x40085950                vTaskDelay
 .text.uxTaskPriorityGet
                0x400859c4       0x1c C:/msys32/home/Peter/progs/hello_world/build/freertos\libfreertos.a(tasks.o)
                                 0x23 (size before relaxing)
                0x400859c4                uxTaskPriorityGet
 *fill*         0x400859e0        0x0 
 .text.vTaskPrioritySet
                0x400859e0      0x12d C:/msys32/home/Peter/progs/hello_world/build/freertos\libfreertos.a(tasks.o)
                                0x143 (size before relaxing)
                0x400859e0                vTaskPrioritySet
 *fill*         0x40085b0d        0x3 
 .text.prvCheckTasksWaitingTermination
                0x40085b10       0xbe C:/msys32/home/Peter/progs/hello_world/build/freertos\libfreertos.a(tasks.o)
                                 0xc6 (size before relaxing)
 *fill*         0x40085bce        0x2 
 .text.prvIdleTask
                0x40085bd0        0xc C:/msys32/home/Peter/progs/hello_world/build/freertos\libfreertos.a(tasks.o)
                                 0x12 (size before relaxing)
 *fill*         0x40085bdc        0x0 
 .text.xTaskIncrementTick
                0x40085bdc      0x19a C:/msys32/home/Peter/progs/hello_world/build/freertos\libfreertos.a(tasks.o)
                                0x1b2 (size before relaxing)
                0x40085bdc                xTaskIncrementTick
 *fill*         0x40085d76        0x2 
 .text.xTaskResumeAll
                0x40085d78      0x17b C:/msys32/home/Peter/progs/hello_world/build/freertos\libfreertos.a(tasks.o)
                                0x18e (size before relaxing)
                0x40085d78                xTaskResumeAll
 *fill*         0x40085ef3        0x1 
 .text.vTaskPlaceOnEventList
                0x40085ef4       0x8f C:/msys32/home/Peter/progs/hello_world/build/freertos\libfreertos.a(tasks.o)
                                 0xa3 (size before relaxing)
                0x40085ef4                vTaskPlaceOnEventList
 *fill*         0x40085f83        0x1 
 .text.vTaskPlaceOnEventListRestricted
                0x40085f84       0x6b C:/msys32/home/Peter/progs/hello_world/build/freertos\libfreertos.a(tasks.o)
                                 0x7f (size before relaxing)
                0x40085f84                vTaskPlaceOnEventListRestricted
 *fill*         0x40085fef        0x1 
 .text.xTaskRemoveFromEventList
                0x40085ff0      0x134 C:/msys32/home/Peter/progs/hello_world/build/freertos\libfreertos.a(tasks.o)
                                0x143 (size before relaxing)
                0x40085ff0                xTaskRemoveFromEventList
 *fill*         0x40086124        0x0 
 .text.xTaskCheckForTimeOut
                0x40086124       0x8b C:/msys32/home/Peter/progs/hello_world/build/freertos\libfreertos.a(tasks.o)
                                 0x96 (size before relaxing)
                0x40086124                xTaskCheckForTimeOut
 *fill*         0x400861af        0x1 
 .text.vTaskPriorityInherit
                0x400861b0       0xc4 C:/msys32/home/Peter/progs/hello_world/build/freertos\libfreertos.a(tasks.o)
                                 0xdb (size before relaxing)
                0x400861b0                vTaskPriorityInherit
 *fill*         0x40086274        0x0 
 .text.xTaskPriorityDisinherit
                0x40086274       0x97 C:/msys32/home/Peter/progs/hello_world/build/freertos\libfreertos.a(tasks.o)
                                 0xaa (size before relaxing)
                0x40086274                xTaskPriorityDisinherit
 *fill*         0x4008630b        0x1 
 .text.pvTaskIncrementMutexHeldCount
                0x4008630c       0x50 C:/msys32/home/Peter/progs/hello_world/build/freertos\libfreertos.a(tasks.o)
                                 0x54 (size before relaxing)
                0x4008630c                pvTaskIncrementMutexHeldCount
 .text.vPortTaskWrapper
                0x4008635c       0x26 C:/msys32/home/Peter/progs/hello_world/build/freertos\libfreertos.a(port.o)
                                 0x32 (size before relaxing)
 *fill*         0x40086382        0x2 
 .text.pxPortInitialiseStack
                0x40086384       0x8a C:/msys32/home/Peter/progs/hello_world/build/freertos\libfreertos.a(port.o)
                0x40086384                pxPortInitialiseStack
 *fill*         0x4008640e        0x2 
 .text.xPortStartScheduler
                0x40086410       0x22 C:/msys32/home/Peter/progs/hello_world/build/freertos\libfreertos.a(port.o)
                                 0x2e (size before relaxing)
                0x40086410                xPortStartScheduler
 *fill*         0x40086432        0x2 
 .text.xPortSysTickHandler
                0x40086434       0x10 C:/msys32/home/Peter/progs/hello_world/build/freertos\libfreertos.a(port.o)
                                 0x16 (size before relaxing)
                0x40086434                xPortSysTickHandler
 *fill*         0x40086444        0x0 
 .text.vPortYieldOtherCore
                0x40086444        0xa C:/msys32/home/Peter/progs/hello_world/build/freertos\libfreertos.a(port.o)
                                  0xe (size before relaxing)
                0x40086444                vPortYieldOtherCore
 *fill*         0x4008644e        0x2 
 .text.vPortReleaseTaskMPUSettings
                0x40086450        0xa C:/msys32/home/Peter/progs/hello_world/build/freertos\libfreertos.a(port.o)
                                  0xe (size before relaxing)
                0x40086450                vPortReleaseTaskMPUSettings
 *fill*         0x4008645a        0x2 
 .text.xPortInIsrContext
                0x4008645c       0x26 C:/msys32/home/Peter/progs/hello_world/build/freertos\libfreertos.a(port.o)
                0x4008645c                xPortInIsrContext
 *fill*         0x40086482        0x2 
 .text.vPortCPUInitializeMutex
                0x40086484        0xe C:/msys32/home/Peter/progs/hello_world/build/freertos\libfreertos.a(port.o)
                0x40086484                vPortCPUInitializeMutex
 *fill*         0x40086492        0x2 
 .text.vPortCPUAcquireMutex
                0x40086494       0x81 C:/msys32/home/Peter/progs/hello_world/build/freertos\libfreertos.a(port.o)
                                 0x88 (size before relaxing)
                0x40086494                vPortCPUAcquireMutex
 *fill*         0x40086515        0x3 
 .text.vPortCPUReleaseMutex
                0x40086518       0x4d C:/msys32/home/Peter/progs/hello_world/build/freertos\libfreertos.a(port.o)
                                 0x50 (size before relaxing)
                0x40086518                vPortCPUReleaseMutex
 *fill*         0x40086565        0x3 
 .text._xt_tick_divisor_init
                0x40086568       0x1c C:/msys32/home/Peter/progs/hello_world/build/freertos\libfreertos.a(xtensa_init.o)
                                 0x1f (size before relaxing)
                0x40086568                _xt_tick_divisor_init
 *fill*         0x40086584        0x0 
 .text.prvIsQueueFull
                0x40086584       0x2a C:/msys32/home/Peter/progs/hello_world/build/freertos\libfreertos.a(queue.o)
 *fill*         0x400865ae        0x2 
 .text.prvCopyDataToQueue
                0x400865b0       0x9e C:/msys32/home/Peter/progs/hello_world/build/freertos\libfreertos.a(queue.o)
 *fill*         0x4008664e        0x2 
 .text.prvNotifyQueueSetContainer
                0x40086650       0x77 C:/msys32/home/Peter/progs/hello_world/build/freertos\libfreertos.a(queue.o)
                                 0x8a (size before relaxing)
 *fill*         0x400866c7        0x1 
 .text.prvCopyDataFromQueue
                0x400866c8       0x24 C:/msys32/home/Peter/progs/hello_world/build/freertos\libfreertos.a(queue.o)
 .text.xQueueGenericReset
                0x400866ec       0x86 C:/msys32/home/Peter/progs/hello_world/build/freertos\libfreertos.a(queue.o)
                                 0x96 (size before relaxing)
                0x400866ec                xQueueGenericReset
 *fill*         0x40086772        0x2 
 .text.prvInitialiseNewQueue
                0x40086774       0x1f C:/msys32/home/Peter/progs/hello_world/build/freertos\libfreertos.a(queue.o)
                                 0x23 (size before relaxing)
 *fill*         0x40086793        0x1 
 .text.xQueueGenericCreate
                0x40086794       0x49 C:/msys32/home/Peter/progs/hello_world/build/freertos\libfreertos.a(queue.o)
                                 0x4d (size before relaxing)
                0x40086794                xQueueGenericCreate
 *fill*         0x400867dd        0x3 
 .text.xQueueGetMutexHolder
                0x400867e0       0x23 C:/msys32/home/Peter/progs/hello_world/build/freertos\libfreertos.a(queue.o)
                0x400867e0                xQueueGetMutexHolder
 *fill*         0x40086803        0x1 
 .text.xQueueCreateCountingSemaphore
                0x40086804       0x66 C:/msys32/home/Peter/progs/hello_world/build/freertos\libfreertos.a(queue.o)
                                 0x6a (size before relaxing)
                0x40086804                xQueueCreateCountingSemaphore
 *fill*         0x4008686a        0x2 
 .text.xQueueGenericSend
                0x4008686c      0x158 C:/msys32/home/Peter/progs/hello_world/build/freertos\libfreertos.a(queue.o)
                                0x18c (size before relaxing)
                0x4008686c                xQueueGenericSend
 .text.prvInitialiseMutex
                0x400869c4       0x22 C:/msys32/home/Peter/progs/hello_world/build/freertos\libfreertos.a(queue.o)
                                 0x26 (size before relaxing)
 *fill*         0x400869e6        0x2 
 .text.xQueueCreateMutex
                0x400869e8       0x16 C:/msys32/home/Peter/progs/hello_world/build/freertos\libfreertos.a(queue.o)
                                 0x1a (size before relaxing)
                0x400869e8                xQueueCreateMutex
 *fill*         0x400869fe        0x2 
 .text.xQueueGiveMutexRecursive
                0x40086a00       0x48 C:/msys32/home/Peter/progs/hello_world/build/freertos\libfreertos.a(queue.o)
                                 0x4c (size before relaxing)
                0x40086a00                xQueueGiveMutexRecursive
 .text.xQueueGenericSendFromISR
                0x40086a48       0xd6 C:/msys32/home/Peter/progs/hello_world/build/freertos\libfreertos.a(queue.o)
                                 0xe6 (size before relaxing)
                0x40086a48                xQueueGenericSendFromISR
 *fill*         0x40086b1e        0x2 
 .text.xQueueGiveFromISR
                0x40086b20       0xb6 C:/msys32/home/Peter/progs/hello_world/build/freertos\libfreertos.a(queue.o)
                                 0xc2 (size before relaxing)
                0x40086b20                xQueueGiveFromISR
 *fill*         0x40086bd6        0x2 
 .text.xQueueGenericReceive
                0x40086bd8      0x144 C:/msys32/home/Peter/progs/hello_world/build/freertos\libfreertos.a(queue.o)
                                0x178 (size before relaxing)
                0x40086bd8                xQueueGenericReceive
 .text.xQueueTakeMutexRecursive
                0x40086d1c       0x51 C:/msys32/home/Peter/progs/hello_world/build/freertos\libfreertos.a(queue.o)
                0x40086d1c                xQueueTakeMutexRecursive
 *fill*         0x40086d6d        0x3 
 .text.xQueueReceiveFromISR
                0x40086d70       0x96 C:/msys32/home/Peter/progs/hello_world/build/freertos\libfreertos.a(queue.o)
                                 0xa6 (size before relaxing)
                0x40086d70                xQueueReceiveFromISR
 *fill*         0x40086e06        0x2 
 .text.uxQueueSpacesAvailable
                0x40086e08       0x36 C:/msys32/home/Peter/progs/hello_world/build/freertos\libfreertos.a(queue.o)
                                 0x3e (size before relaxing)
                0x40086e08                uxQueueSpacesAvailable
 *fill*         0x40086e3e        0x2 
 .text.vQueueDelete
                0x40086e40       0x28 C:/msys32/home/Peter/progs/hello_world/build/freertos\libfreertos.a(queue.o)
                0x40086e40                vQueueDelete
 .text.vQueueWaitForMessageRestricted
                0x40086e68       0x23 C:/msys32/home/Peter/progs/hello_world/build/freertos\libfreertos.a(queue.o)
                                 0x2a (size before relaxing)
                0x40086e68                vQueueWaitForMessageRestricted
 *fill*         0x40086e8b        0x1 
 .text.xt_unhandled_interrupt
                0x40086e8c       0x16 C:/msys32/home/Peter/progs/hello_world/build/freertos\libfreertos.a(xtensa_intr.o)
                0x40086e8c                xt_unhandled_interrupt
 *fill*         0x40086ea2        0x2 
 .text.xt_set_interrupt_handler
                0x40086ea4       0x4a C:/msys32/home/Peter/progs/hello_world/build/freertos\libfreertos.a(xtensa_intr.o)
                0x40086ea4                xt_set_interrupt_handler
 *fill*         0x40086eee        0x2 
 .text          0x40086ef0      0x1d0 C:/msys32/home/Peter/progs/hello_world/build/freertos\libfreertos.a(portasm.o)
                0x40086ef0                _frxt_setup_switch
                0x40086f08                _frxt_int_enter
                0x40086f50                _frxt_int_exit
                0x40086fa0                _frxt_timer_int
                0x40086fc8                _frxt_tick_timer_init
                0x40086fe0                _frxt_dispatch